(APIServer pid=1042393) INFO 05-21 07:52:14 [utils.py:299] 
(APIServer pid=1042393) INFO 05-21 07:52:14 [utils.py:299]        █     █     █▄   ▄█
(APIServer pid=1042393) INFO 05-21 07:52:14 [utils.py:299]  ▄▄ ▄█ █     █     █ ▀▄▀ █  version 0.1.dev1+g7a1bb4bec
(APIServer pid=1042393) INFO 05-21 07:52:14 [utils.py:299]   █▄█▀ █     █     █     █  model   Qwen/Qwen3-30B-A3B-Instruct-2507
(APIServer pid=1042393) INFO 05-21 07:52:14 [utils.py:299]    ▀▀  ▀▀▀▀▀ ▀▀▀▀▀ ▀     ▀
(APIServer pid=1042393) INFO 05-21 07:52:14 [utils.py:299] 
(APIServer pid=1042393) INFO 05-21 07:52:14 [utils.py:233] non-default args: {'model': 'Qwen/Qwen3-30B-A3B-Instruct-2507', 'max_model_len': 8192, 'enforce_eager': True, 'served_model_name': ['Qwen3-30B-A3B-Instruct-2507'], 'data_parallel_size': 2, 'enable_expert_parallel': True, 'gpu_memory_utilization': 0.85, 'moe_backend': 'triton', 'disable_log_stats': True}
(APIServer pid=1042393) Warning: You are sending unauthenticated requests to the HF Hub. Please set a HF_TOKEN to enable higher rate limits and faster downloads.
(APIServer pid=1042393) INFO 05-21 07:52:14 [model.py:555] Resolved architecture: Qwen3MoeForCausalLM
(APIServer pid=1042393) INFO 05-21 07:52:14 [model.py:1680] Using max model len 8192
(APIServer pid=1042393) INFO 05-21 07:52:14 [scheduler.py:239] Chunked prefill is enabled with max_num_batched_tokens=8192.
(APIServer pid=1042393) INFO 05-21 07:52:14 [vllm.py:840] Asynchronous scheduling is enabled.
(APIServer pid=1042393) INFO 05-21 07:52:14 [vllm.py:850] Disabling NCCL for DP synchronization when using async scheduling.
(APIServer pid=1042393) WARNING 05-21 07:52:14 [vllm.py:896] Enforce eager set, disabling torch.compile and CUDAGraphs. This is equivalent to setting -cc.mode=none -cc.cudagraph_mode=none
(APIServer pid=1042393) WARNING 05-21 07:52:14 [vllm.py:914] Inductor compilation was disabled by user settings, optimizations settings that are only active during inductor compilation will be ignored.
(APIServer pid=1042393) INFO 05-21 07:52:14 [kernel.py:205] Final IR op priority after setting platform defaults: IrOpPriorityConfig(rms_norm=['vllm_c', 'native'])
(APIServer pid=1042393) INFO 05-21 07:52:17 [vllm.py:1089] Cudagraph is disabled under eager mode
(APIServer pid=1042393) INFO 05-21 07:52:17 [compilation.py:303] Enabled custom fusions: norm_quant, act_quant
(APIServer pid=1042393) INFO 05-21 07:52:30 [utils.py:1035] Started DP Coordinator process (PID: 1042889)
(EngineCore_DP1 pid=1043278) WARNING 05-21 07:52:42 [multiproc_executor.py:1029] Reducing Torch parallelism from 112 threads to 1 to avoid unnecessary CPU contention. Set OMP_NUM_THREADS in the external environment to tune this value as needed.
(EngineCore_DP1 pid=1043278) INFO 05-21 07:52:42 [multiproc_executor.py:139] DP group leader: node_rank=0, node_rank_within_dp=0, master_addr=127.0.0.1, mq_connect_ip=10.44.145.119 (local), world_size=1, local_world_size=1
(EngineCore_DP0 pid=1043277) INFO 05-21 07:52:42 [core.py:109] Initializing a V1 LLM engine (v0.1.dev1+g7a1bb4bec) with config: model='Qwen/Qwen3-30B-A3B-Instruct-2507', speculative_config=None, tokenizer='Qwen/Qwen3-30B-A3B-Instruct-2507', skip_tokenizer_init=False, tokenizer_mode=auto, revision=None, tokenizer_revision=None, trust_remote_code=False, dtype=torch.bfloat16, max_seq_len=8192, download_dir=None, load_format=auto, tensor_parallel_size=1, pipeline_parallel_size=1, data_parallel_size=2, decode_context_parallel_size=1, dcp_comm_backend=ag_rs, disable_custom_all_reduce=False, quantization=None, quantization_config=None, enforce_eager=True, enable_return_routed_experts=False, kv_cache_dtype=auto, device_config=cuda, structured_outputs_config=StructuredOutputsConfig(backend='auto', disable_any_whitespace=False, disable_additional_properties=False, reasoning_parser='', reasoning_parser_plugin='', enable_in_reasoning=False), observability_config=ObservabilityConfig(show_hidden_metrics_for_version=None, otlp_traces_endpoint=None, collect_detailed_traces=None, kv_cache_metrics=False, kv_cache_metrics_sample=0.01, cudagraph_metrics=False, enable_layerwise_nvtx_tracing=False, enable_mfu_metrics=False, enable_mm_processor_stats=False, enable_logging_iteration_details=False), seed=0, served_model_name=Qwen3-30B-A3B-Instruct-2507, enable_prefix_caching=True, enable_chunked_prefill=True, pooler_config=None, compilation_config={'mode': <CompilationMode.NONE: 0>, 'debug_dump_path': None, 'cache_dir': '', 'compile_cache_save_format': 'binary', 'backend': 'inductor', 'custom_ops': ['all'], 'ir_enable_torch_wrap': False, 'splitting_ops': [], 'compile_mm_encoder': False, 'cudagraph_mm_encoder': False, 'encoder_cudagraph_token_budgets': [], 'encoder_cudagraph_max_vision_items_per_batch': 0, 'encoder_cudagraph_max_frames_per_batch': None, 'compile_sizes': [], 'compile_ranges_endpoints': [8192], 'inductor_compile_config': {'enable_auto_functionalized_v2': False, 'size_asserts': False, 'alignment_asserts': False, 'scalar_asserts': False, 'combo_kernels': True, 'benchmark_combo_kernel': True}, 'inductor_passes': {}, 'cudagraph_mode': <CUDAGraphMode.NONE: 0>, 'cudagraph_num_of_warmups': 0, 'cudagraph_capture_sizes': [], 'cudagraph_copy_inputs': False, 'cudagraph_specialize_lora': True, 'use_inductor_graph_partition': False, 'pass_config': {'fuse_norm_quant': True, 'fuse_act_quant': True, 'fuse_attn_quant': False, 'enable_sp': False, 'fuse_gemm_comms': False, 'fuse_allreduce_rms': False}, 'max_cudagraph_capture_size': 0, 'dynamic_shapes_config': {'type': <DynamicShapesType.BACKED: 'backed'>, 'evaluate_guards': False, 'assume_32_bit_indexing': False}, 'local_cache_dir': None, 'fast_moe_cold_start': False, 'static_all_moe_layers': []}, kernel_config=KernelConfig(ir_op_priority=IrOpPriorityConfig(rms_norm=['vllm_c', 'native']), enable_flashinfer_autotune=True, moe_backend='triton')
(EngineCore_DP0 pid=1043277) WARNING 05-21 07:52:42 [multiproc_executor.py:1029] Reducing Torch parallelism from 112 threads to 1 to avoid unnecessary CPU contention. Set OMP_NUM_THREADS in the external environment to tune this value as needed.
(EngineCore_DP0 pid=1043277) INFO 05-21 07:52:42 [multiproc_executor.py:139] DP group leader: node_rank=0, node_rank_within_dp=0, master_addr=127.0.0.1, mq_connect_ip=10.44.145.119 (local), world_size=1, local_world_size=1
INFO 05-21 07:52:59 [nixl_utils.py:20] Setting UCX_RCACHE_MAX_UNRELEASED to '1024' to avoid a rare memory leak in UCX when using NIXL.
WARNING 05-21 07:52:59 [nixl_utils.py:34] NIXL is not available
WARNING 05-21 07:52:59 [nixl_utils.py:44] NIXL agent config is not available
INFO 05-21 07:52:59 [nixl_utils.py:20] Setting UCX_RCACHE_MAX_UNRELEASED to '1024' to avoid a rare memory leak in UCX when using NIXL.
WARNING 05-21 07:52:59 [nixl_utils.py:34] NIXL is not available
WARNING 05-21 07:52:59 [nixl_utils.py:44] NIXL agent config is not available
(Worker pid=1043936) INFO 05-21 07:53:04 [parallel_state.py:1402] world_size=2 rank=0 local_rank=0 distributed_init_method=tcp://127.0.0.1:48333 backend=nccl
(Worker pid=1043935) INFO 05-21 07:53:05 [parallel_state.py:1402] world_size=2 rank=1 local_rank=1 distributed_init_method=tcp://127.0.0.1:48333 backend=nccl
v-zhaozihan-spin-dev-j5jxm-vllm-0:1043936:1043936 [0] NCCL INFO ENV/Plugin: Could not find: libnccl-env.so
v-zhaozihan-spin-dev-j5jxm-vllm-0:1043936:1043936 [0] NCCL INFO Bootstrap: Using eth0:10.44.145.119<0>
(Worker pid=1043936) INFO 05-21 07:53:08 [pynccl.py:111] vLLM is using nccl==2.28.9
v-zhaozihan-spin-dev-j5jxm-vllm-0:1043936:1043936 [0] NCCL INFO cudaDriverVersion 13000
v-zhaozihan-spin-dev-j5jxm-vllm-0:1043935:1043935 [1] NCCL INFO ENV/Plugin: Could not find: libnccl-env.so
v-zhaozihan-spin-dev-j5jxm-vllm-0:1043935:1043935 [1] NCCL INFO cudaDriverVersion 13000
v-zhaozihan-spin-dev-j5jxm-vllm-0:1043936:1043936 [0] NCCL INFO NCCL version 2.28.9+cuda13.0
v-zhaozihan-spin-dev-j5jxm-vllm-0:1043935:1043935 [1] NCCL INFO Bootstrap: Using eth0:10.44.145.119<0>
v-zhaozihan-spin-dev-j5jxm-vllm-0:1043935:1043935 [1] NCCL INFO NCCL version 2.28.9+cuda13.0
v-zhaozihan-spin-dev-j5jxm-vllm-0:1043935:1043935 [1] NCCL INFO NET/Plugin: Could not find: libnccl-net.so
v-zhaozihan-spin-dev-j5jxm-vllm-0:1043935:1043935 [1] NCCL INFO NET/IB : Using [0]mlx5_0:1/IB [1]mlx5_1:1/IB [2]mlx5_2:1/IB [3]mlx5_3:1/IB [4]mlx5_4:1/IB [5]mlx5_7:1/IB [6]mlx5_8:1/IB [7]mlx5_9:1/IB [8]mlx5_10:1/IB [9]mlx5_11:1/IB [10]mlx5_12:1/IB [11]mlx5_13:1/IB [12]mlx5_bond_0:1/RoCE [RO]; OOB eth0:10.44.145.119<0>
v-zhaozihan-spin-dev-j5jxm-vllm-0:1043935:1043935 [1] NCCL INFO Initialized NET plugin IB
v-zhaozihan-spin-dev-j5jxm-vllm-0:1043935:1043935 [1] NCCL INFO Assigned NET plugin IB to comm
v-zhaozihan-spin-dev-j5jxm-vllm-0:1043935:1043935 [1] NCCL INFO Assigned GIN plugin GIN_IB_GDAKI to comm
v-zhaozihan-spin-dev-j5jxm-vllm-0:1043935:1043935 [1] NCCL INFO Using network IB
v-zhaozihan-spin-dev-j5jxm-vllm-0:1043935:1043935 [1] NCCL INFO DMA-BUF is available on GPU device 1
v-zhaozihan-spin-dev-j5jxm-vllm-0:1043935:1043935 [1] NCCL INFO ncclCommInitRank comm 0x56850a220110 rank 1 nranks 2 cudaDev 1 nvmlDev 7 busId dc000 commId 0xba80293e9b94c2a1 - Init START
v-zhaozihan-spin-dev-j5jxm-vllm-0:1043936:1043936 [0] NCCL INFO NET/Plugin: Could not find: libnccl-net.so
v-zhaozihan-spin-dev-j5jxm-vllm-0:1043936:1043936 [0] NCCL INFO NET/IB : Using [0]mlx5_0:1/IB [1]mlx5_1:1/IB [2]mlx5_2:1/IB [3]mlx5_3:1/IB [4]mlx5_4:1/IB [5]mlx5_7:1/IB [6]mlx5_8:1/IB [7]mlx5_9:1/IB [8]mlx5_10:1/IB [9]mlx5_11:1/IB [10]mlx5_12:1/IB [11]mlx5_13:1/IB [12]mlx5_bond_0:1/RoCE [RO]; OOB eth0:10.44.145.119<0>
v-zhaozihan-spin-dev-j5jxm-vllm-0:1043936:1043936 [0] NCCL INFO Initialized NET plugin IB
v-zhaozihan-spin-dev-j5jxm-vllm-0:1043936:1043936 [0] NCCL INFO Assigned NET plugin IB to comm
v-zhaozihan-spin-dev-j5jxm-vllm-0:1043936:1043936 [0] NCCL INFO Assigned GIN plugin GIN_IB_GDAKI to comm
v-zhaozihan-spin-dev-j5jxm-vllm-0:1043936:1043936 [0] NCCL INFO Using network IB
v-zhaozihan-spin-dev-j5jxm-vllm-0:1043936:1043936 [0] NCCL INFO DMA-BUF is available on GPU device 0
v-zhaozihan-spin-dev-j5jxm-vllm-0:1043936:1043936 [0] NCCL INFO ncclCommInitRank comm 0x560592239160 rank 0 nranks 2 cudaDev 0 nvmlDev 6 busId ca000 commId 0xba80293e9b94c2a1 - Init START
v-zhaozihan-spin-dev-j5jxm-vllm-0:1043936:1043936 [0] NCCL INFO RAS client listening socket at ::1<28028>
v-zhaozihan-spin-dev-j5jxm-vllm-0:1043935:1043935 [1] NCCL INFO RAS client listening socket at ::1<28028>
v-zhaozihan-spin-dev-j5jxm-vllm-0:1043935:1043935 [1] NCCL INFO Bootstrap timings total 0.283127 (create 0.000027, send 0.000095, recv 0.282667, ring 0.000016, delay 0.000000)
v-zhaozihan-spin-dev-j5jxm-vllm-0:1043936:1043936 [0] NCCL INFO Bootstrap timings total 0.000539 (create 0.000024, send 0.000095, recv 0.000122, ring 0.000028, delay 0.000000)
v-zhaozihan-spin-dev-j5jxm-vllm-0:1043936:1043936 [0] NCCL INFO MNNVL busId 0xca000 fabric UUID 0.0 cliqueId 0x0 state 3 healthMask 0x80
v-zhaozihan-spin-dev-j5jxm-vllm-0:1043935:1043935 [1] NCCL INFO MNNVL busId 0xdc000 fabric UUID 0.0 cliqueId 0x0 state 3 healthMask 0x80
v-zhaozihan-spin-dev-j5jxm-vllm-0:1043936:1043936 [0] NCCL INFO ncclTopoGetCpuAffinity: Affinity for GPU 6 is 84-111. (GPU affinity = 84-111 ; CPU affinity = 0-111).
v-zhaozihan-spin-dev-j5jxm-vllm-0:1043936:1043936 [0] NCCL INFO NVLS multicast support is available on dev 0 (NVLS_NCHANNELS 24)
v-zhaozihan-spin-dev-j5jxm-vllm-0:1043935:1043935 [1] NCCL INFO ncclTopoGetCpuAffinity: Affinity for GPU 7 is 84-111. (GPU affinity = 84-111 ; CPU affinity = 0-111).
v-zhaozihan-spin-dev-j5jxm-vllm-0:1043935:1043935 [1] NCCL INFO NVLS multicast support is available on dev 1 (NVLS_NCHANNELS 24)
v-zhaozihan-spin-dev-j5jxm-vllm-0:1043936:1043936 [0] NCCL INFO comm 0x560592239160 rank 0 nRanks 2 nNodes 1 localRanks 2 localRank 0 MNNVL 0
v-zhaozihan-spin-dev-j5jxm-vllm-0:1043935:1043935 [1] NCCL INFO comm 0x56850a220110 rank 1 nRanks 2 nNodes 1 localRanks 2 localRank 1 MNNVL 0
v-zhaozihan-spin-dev-j5jxm-vllm-0:1043936:1043936 [0] NCCL INFO Channel 00/32 : 0 1
v-zhaozihan-spin-dev-j5jxm-vllm-0:1043936:1043936 [0] NCCL INFO Channel 01/32 : 0 1
v-zhaozihan-spin-dev-j5jxm-vllm-0:1043936:1043936 [0] NCCL INFO Channel 02/32 : 0 1
v-zhaozihan-spin-dev-j5jxm-vllm-0:1043936:1043936 [0] NCCL INFO Channel 03/32 : 0 1
v-zhaozihan-spin-dev-j5jxm-vllm-0:1043936:1043936 [0] NCCL INFO Channel 04/32 : 0 1
v-zhaozihan-spin-dev-j5jxm-vllm-0:1043936:1043936 [0] NCCL INFO Channel 05/32 : 0 1
v-zhaozihan-spin-dev-j5jxm-vllm-0:1043936:1043936 [0] NCCL INFO Channel 06/32 : 0 1
v-zhaozihan-spin-dev-j5jxm-vllm-0:1043936:1043936 [0] NCCL INFO Channel 07/32 : 0 1
v-zhaozihan-spin-dev-j5jxm-vllm-0:1043936:1043936 [0] NCCL INFO Channel 08/32 : 0 1
v-zhaozihan-spin-dev-j5jxm-vllm-0:1043936:1043936 [0] NCCL INFO Channel 09/32 : 0 1
v-zhaozihan-spin-dev-j5jxm-vllm-0:1043936:1043936 [0] NCCL INFO Channel 10/32 : 0 1
v-zhaozihan-spin-dev-j5jxm-vllm-0:1043936:1043936 [0] NCCL INFO Channel 11/32 : 0 1
v-zhaozihan-spin-dev-j5jxm-vllm-0:1043936:1043936 [0] NCCL INFO Channel 12/32 : 0 1
v-zhaozihan-spin-dev-j5jxm-vllm-0:1043936:1043936 [0] NCCL INFO Channel 13/32 : 0 1
v-zhaozihan-spin-dev-j5jxm-vllm-0:1043936:1043936 [0] NCCL INFO Channel 14/32 : 0 1
v-zhaozihan-spin-dev-j5jxm-vllm-0:1043935:1043935 [1] NCCL INFO Trees [0] -1/-1/-1->1->0 [1] -1/-1/-1->1->0 [2] -1/-1/-1->1->0 [3] -1/-1/-1->1->0 [4] -1/-1/-1->1->0 [5] -1/-1/-1->1->0 [6] -1/-1/-1->1->0 [7] -1/-1/-1->1->0 [8] 0/-1/-1->1->-1 [9] 0/-1/-1->1->-1 [10] 0/-1/-1->1->-1 [11] 0/-1/-1->1->-1 [12] 0/-1/-1->1->-1 [13] 0/-1/-1->1->-1 [14] 0/-1/-1->1->-1 [15] 0/-1/-1->1->-1 [16] -1/-1/-1->1->0 [17] -1/-1/-1->1->0 [18] -1/-1/-1->1->0 [19] -1/-1/-1->1->0 [20] -1/-1/-1->1->0 [21] -1/-1/-1->1->0 [22] -1/-1/-1->1->0 [23] -1/-1/-1->1->0 [24] 0/-1/-1->1->-1 [25] 0/-1/-1->1->-1 [26] 0/-1/-1->1->-1 [27] 0/-1/-1->1->-1 [28] 0/-1/-1->1->-1 [29] 0/-1/-1->1->-1 [30] 0/-1/-1->1->-1 [31] 0/-1/-1->1->-1
v-zhaozihan-spin-dev-j5jxm-vllm-0:1043936:1043936 [0] NCCL INFO Channel 15/32 : 0 1
v-zhaozihan-spin-dev-j5jxm-vllm-0:1043936:1043936 [0] NCCL INFO Channel 16/32 : 0 1
v-zhaozihan-spin-dev-j5jxm-vllm-0:1043935:1043935 [1] NCCL INFO P2P Chunksize set to 524288
v-zhaozihan-spin-dev-j5jxm-vllm-0:1043936:1043936 [0] NCCL INFO Channel 17/32 : 0 1
v-zhaozihan-spin-dev-j5jxm-vllm-0:1043936:1043936 [0] NCCL INFO Channel 18/32 : 0 1
v-zhaozihan-spin-dev-j5jxm-vllm-0:1043936:1043936 [0] NCCL INFO Channel 19/32 : 0 1
v-zhaozihan-spin-dev-j5jxm-vllm-0:1043936:1043936 [0] NCCL INFO Channel 20/32 : 0 1
v-zhaozihan-spin-dev-j5jxm-vllm-0:1043936:1043936 [0] NCCL INFO Channel 21/32 : 0 1
v-zhaozihan-spin-dev-j5jxm-vllm-0:1043936:1043936 [0] NCCL INFO Channel 22/32 : 0 1
v-zhaozihan-spin-dev-j5jxm-vllm-0:1043936:1043936 [0] NCCL INFO Channel 23/32 : 0 1
v-zhaozihan-spin-dev-j5jxm-vllm-0:1043936:1043936 [0] NCCL INFO Channel 24/32 : 0 1
v-zhaozihan-spin-dev-j5jxm-vllm-0:1043936:1043936 [0] NCCL INFO Channel 25/32 : 0 1
v-zhaozihan-spin-dev-j5jxm-vllm-0:1043936:1043936 [0] NCCL INFO Channel 26/32 : 0 1
v-zhaozihan-spin-dev-j5jxm-vllm-0:1043936:1043936 [0] NCCL INFO Channel 27/32 : 0 1
v-zhaozihan-spin-dev-j5jxm-vllm-0:1043936:1043936 [0] NCCL INFO Channel 28/32 : 0 1
v-zhaozihan-spin-dev-j5jxm-vllm-0:1043936:1043936 [0] NCCL INFO Channel 29/32 : 0 1
v-zhaozihan-spin-dev-j5jxm-vllm-0:1043936:1043936 [0] NCCL INFO Channel 30/32 : 0 1
v-zhaozihan-spin-dev-j5jxm-vllm-0:1043936:1043936 [0] NCCL INFO Channel 31/32 : 0 1
v-zhaozihan-spin-dev-j5jxm-vllm-0:1043936:1043936 [0] NCCL INFO Trees [0] 1/-1/-1->0->-1 [1] 1/-1/-1->0->-1 [2] 1/-1/-1->0->-1 [3] 1/-1/-1->0->-1 [4] 1/-1/-1->0->-1 [5] 1/-1/-1->0->-1 [6] 1/-1/-1->0->-1 [7] 1/-1/-1->0->-1 [8] -1/-1/-1->0->1 [9] -1/-1/-1->0->1 [10] -1/-1/-1->0->1 [11] -1/-1/-1->0->1 [12] -1/-1/-1->0->1 [13] -1/-1/-1->0->1 [14] -1/-1/-1->0->1 [15] -1/-1/-1->0->1 [16] 1/-1/-1->0->-1 [17] 1/-1/-1->0->-1 [18] 1/-1/-1->0->-1 [19] 1/-1/-1->0->-1 [20] 1/-1/-1->0->-1 [21] 1/-1/-1->0->-1 [22] 1/-1/-1->0->-1 [23] 1/-1/-1->0->-1 [24] -1/-1/-1->0->1 [25] -1/-1/-1->0->1 [26] -1/-1/-1->0->1 [27] -1/-1/-1->0->1 [28] -1/-1/-1->0->1 [29] -1/-1/-1->0->1 [30] -1/-1/-1->0->1 [31] -1/-1/-1->0->1
v-zhaozihan-spin-dev-j5jxm-vllm-0:1043936:1043936 [0] NCCL INFO P2P Chunksize set to 524288
v-zhaozihan-spin-dev-j5jxm-vllm-0:1043935:1043935 [1] NCCL INFO PROFILER/Plugin: Could not find: libnccl-profiler.so
v-zhaozihan-spin-dev-j5jxm-vllm-0:1043935:1043935 [1] NCCL INFO Check P2P Type isAllDirectP2p 1 directMode 0 isAllCudaP2p 1
v-zhaozihan-spin-dev-j5jxm-vllm-0:1043936:1043936 [0] NCCL INFO PROFILER/Plugin: Could not find: libnccl-profiler.so
v-zhaozihan-spin-dev-j5jxm-vllm-0:1043936:1043936 [0] NCCL INFO Check P2P Type isAllDirectP2p 1 directMode 0 isAllCudaP2p 1
v-zhaozihan-spin-dev-j5jxm-vllm-0:1043935:1044355 [0] NCCL INFO [Proxy Service] Device 1 CPU core 94
v-zhaozihan-spin-dev-j5jxm-vllm-0:1043936:1044356 [0] NCCL INFO [Proxy Service] Device 0 CPU core 104
v-zhaozihan-spin-dev-j5jxm-vllm-0:1043935:1044357 [0] NCCL INFO [Proxy Service UDS] Device 1 CPU core 96
v-zhaozihan-spin-dev-j5jxm-vllm-0:1043936:1044358 [0] NCCL INFO [Proxy Service UDS] Device 0 CPU core 105
v-zhaozihan-spin-dev-j5jxm-vllm-0:1043936:1043936 [0] NCCL INFO TUNER/Plugin: Could not find: libnccl-tuner.so
v-zhaozihan-spin-dev-j5jxm-vllm-0:1043935:1043935 [1] NCCL INFO TUNER/Plugin: Could not find: libnccl-tuner.so
v-zhaozihan-spin-dev-j5jxm-vllm-0:1043935:1043935 [1] NCCL INFO threadThresholds 8/8/64 | 16/8/64 | 512 | 512
v-zhaozihan-spin-dev-j5jxm-vllm-0:1043935:1043935 [1] NCCL INFO 32 coll channels, 32 collnet channels, 24 nvls channels, 32 p2p channels, 32 p2p channels per peer
v-zhaozihan-spin-dev-j5jxm-vllm-0:1043936:1043936 [0] NCCL INFO threadThresholds 8/8/64 | 16/8/64 | 512 | 512
v-zhaozihan-spin-dev-j5jxm-vllm-0:1043936:1043936 [0] NCCL INFO 32 coll channels, 32 collnet channels, 24 nvls channels, 32 p2p channels, 32 p2p channels per peer
v-zhaozihan-spin-dev-j5jxm-vllm-0:1043936:1043936 [0] NCCL INFO CC Off, workFifoBytes 1048576
v-zhaozihan-spin-dev-j5jxm-vllm-0:1043936:1043936 [0] NCCL INFO ncclCommInitRank comm 0x560592239160 rank 0 nranks 2 cudaDev 0 nvmlDev 6 busId ca000 commId 0xba80293e9b94c2a1 - Init COMPLETE
v-zhaozihan-spin-dev-j5jxm-vllm-0:1043936:1043936 [0] NCCL INFO Init timings - ncclCommInitRank: rank 0 nranks 2 total 0.92 (kernels 0.37, alloc 0.22, bootstrap 0.00, allgathers 0.00, topo 0.19, graphs 0.01, connections 0.13, rest 0.00)
v-zhaozihan-spin-dev-j5jxm-vllm-0:1043935:1043935 [1] NCCL INFO ncclCommInitRank comm 0x56850a220110 rank 1 nranks 2 cudaDev 1 nvmlDev 7 busId dc000 commId 0xba80293e9b94c2a1 - Init COMPLETE
v-zhaozihan-spin-dev-j5jxm-vllm-0:1043935:1043935 [1] NCCL INFO Init timings - ncclCommInitRank: rank 1 nranks 2 total 1.12 (kernels 0.28, alloc 0.23, bootstrap 0.28, allgathers 0.00, topo 0.19, graphs 0.01, connections 0.13, rest 0.00)
v-zhaozihan-spin-dev-j5jxm-vllm-0:1043936:1043936 [0] NCCL INFO Channel 00/0 : 0[6] -> 1[7] via P2P/CUMEM
v-zhaozihan-spin-dev-j5jxm-vllm-0:1043935:1043935 [1] NCCL INFO Channel 00/0 : 1[7] -> 0[6] via P2P/CUMEM
v-zhaozihan-spin-dev-j5jxm-vllm-0:1043936:1043936 [0] NCCL INFO Channel 01/0 : 0[6] -> 1[7] via P2P/CUMEM
v-zhaozihan-spin-dev-j5jxm-vllm-0:1043935:1043935 [1] NCCL INFO Channel 01/0 : 1[7] -> 0[6] via P2P/CUMEM
v-zhaozihan-spin-dev-j5jxm-vllm-0:1043936:1043936 [0] NCCL INFO Channel 02/0 : 0[6] -> 1[7] via P2P/CUMEM
v-zhaozihan-spin-dev-j5jxm-vllm-0:1043935:1043935 [1] NCCL INFO Channel 02/0 : 1[7] -> 0[6] via P2P/CUMEM
v-zhaozihan-spin-dev-j5jxm-vllm-0:1043936:1043936 [0] NCCL INFO Channel 03/0 : 0[6] -> 1[7] via P2P/CUMEM
v-zhaozihan-spin-dev-j5jxm-vllm-0:1043935:1043935 [1] NCCL INFO Channel 03/0 : 1[7] -> 0[6] via P2P/CUMEM
v-zhaozihan-spin-dev-j5jxm-vllm-0:1043936:1043936 [0] NCCL INFO Channel 04/0 : 0[6] -> 1[7] via P2P/CUMEM
v-zhaozihan-spin-dev-j5jxm-vllm-0:1043935:1043935 [1] NCCL INFO Channel 04/0 : 1[7] -> 0[6] via P2P/CUMEM
v-zhaozihan-spin-dev-j5jxm-vllm-0:1043936:1043936 [0] NCCL INFO Channel 05/0 : 0[6] -> 1[7] via P2P/CUMEM
v-zhaozihan-spin-dev-j5jxm-vllm-0:1043935:1043935 [1] NCCL INFO Channel 05/0 : 1[7] -> 0[6] via P2P/CUMEM
v-zhaozihan-spin-dev-j5jxm-vllm-0:1043936:1043936 [0] NCCL INFO Channel 06/0 : 0[6] -> 1[7] via P2P/CUMEM
v-zhaozihan-spin-dev-j5jxm-vllm-0:1043935:1043935 [1] NCCL INFO Channel 06/0 : 1[7] -> 0[6] via P2P/CUMEM
v-zhaozihan-spin-dev-j5jxm-vllm-0:1043936:1043936 [0] NCCL INFO Channel 07/0 : 0[6] -> 1[7] via P2P/CUMEM
v-zhaozihan-spin-dev-j5jxm-vllm-0:1043935:1043935 [1] NCCL INFO Channel 07/0 : 1[7] -> 0[6] via P2P/CUMEM
v-zhaozihan-spin-dev-j5jxm-vllm-0:1043936:1043936 [0] NCCL INFO Channel 08/0 : 0[6] -> 1[7] via P2P/CUMEM
v-zhaozihan-spin-dev-j5jxm-vllm-0:1043935:1043935 [1] NCCL INFO Channel 08/0 : 1[7] -> 0[6] via P2P/CUMEM
v-zhaozihan-spin-dev-j5jxm-vllm-0:1043936:1043936 [0] NCCL INFO Channel 09/0 : 0[6] -> 1[7] via P2P/CUMEM
v-zhaozihan-spin-dev-j5jxm-vllm-0:1043935:1043935 [1] NCCL INFO Channel 09/0 : 1[7] -> 0[6] via P2P/CUMEM
v-zhaozihan-spin-dev-j5jxm-vllm-0:1043936:1043936 [0] NCCL INFO Channel 10/0 : 0[6] -> 1[7] via P2P/CUMEM
v-zhaozihan-spin-dev-j5jxm-vllm-0:1043935:1043935 [1] NCCL INFO Channel 10/0 : 1[7] -> 0[6] via P2P/CUMEM
v-zhaozihan-spin-dev-j5jxm-vllm-0:1043936:1043936 [0] NCCL INFO Channel 11/0 : 0[6] -> 1[7] via P2P/CUMEM
v-zhaozihan-spin-dev-j5jxm-vllm-0:1043935:1043935 [1] NCCL INFO Channel 11/0 : 1[7] -> 0[6] via P2P/CUMEM
v-zhaozihan-spin-dev-j5jxm-vllm-0:1043936:1043936 [0] NCCL INFO Channel 12/0 : 0[6] -> 1[7] via P2P/CUMEM
v-zhaozihan-spin-dev-j5jxm-vllm-0:1043935:1043935 [1] NCCL INFO Channel 12/0 : 1[7] -> 0[6] via P2P/CUMEM
v-zhaozihan-spin-dev-j5jxm-vllm-0:1043936:1043936 [0] NCCL INFO Channel 13/0 : 0[6] -> 1[7] via P2P/CUMEM
v-zhaozihan-spin-dev-j5jxm-vllm-0:1043935:1043935 [1] NCCL INFO Channel 13/0 : 1[7] -> 0[6] via P2P/CUMEM
v-zhaozihan-spin-dev-j5jxm-vllm-0:1043936:1043936 [0] NCCL INFO Channel 14/0 : 0[6] -> 1[7] via P2P/CUMEM
v-zhaozihan-spin-dev-j5jxm-vllm-0:1043935:1043935 [1] NCCL INFO Channel 14/0 : 1[7] -> 0[6] via P2P/CUMEM
v-zhaozihan-spin-dev-j5jxm-vllm-0:1043936:1043936 [0] NCCL INFO Channel 15/0 : 0[6] -> 1[7] via P2P/CUMEM
v-zhaozihan-spin-dev-j5jxm-vllm-0:1043935:1043935 [1] NCCL INFO Channel 15/0 : 1[7] -> 0[6] via P2P/CUMEM
v-zhaozihan-spin-dev-j5jxm-vllm-0:1043936:1043936 [0] NCCL INFO Channel 16/0 : 0[6] -> 1[7] via P2P/CUMEM
v-zhaozihan-spin-dev-j5jxm-vllm-0:1043935:1043935 [1] NCCL INFO Channel 16/0 : 1[7] -> 0[6] via P2P/CUMEM
v-zhaozihan-spin-dev-j5jxm-vllm-0:1043936:1043936 [0] NCCL INFO Channel 17/0 : 0[6] -> 1[7] via P2P/CUMEM
v-zhaozihan-spin-dev-j5jxm-vllm-0:1043935:1043935 [1] NCCL INFO Channel 17/0 : 1[7] -> 0[6] via P2P/CUMEM
v-zhaozihan-spin-dev-j5jxm-vllm-0:1043936:1043936 [0] NCCL INFO Channel 18/0 : 0[6] -> 1[7] via P2P/CUMEM
v-zhaozihan-spin-dev-j5jxm-vllm-0:1043935:1043935 [1] NCCL INFO Channel 18/0 : 1[7] -> 0[6] via P2P/CUMEM
v-zhaozihan-spin-dev-j5jxm-vllm-0:1043936:1043936 [0] NCCL INFO Channel 19/0 : 0[6] -> 1[7] via P2P/CUMEM
v-zhaozihan-spin-dev-j5jxm-vllm-0:1043935:1043935 [1] NCCL INFO Channel 19/0 : 1[7] -> 0[6] via P2P/CUMEM
v-zhaozihan-spin-dev-j5jxm-vllm-0:1043936:1043936 [0] NCCL INFO Channel 20/0 : 0[6] -> 1[7] via P2P/CUMEM
v-zhaozihan-spin-dev-j5jxm-vllm-0:1043935:1043935 [1] NCCL INFO Channel 20/0 : 1[7] -> 0[6] via P2P/CUMEM
v-zhaozihan-spin-dev-j5jxm-vllm-0:1043936:1043936 [0] NCCL INFO Channel 21/0 : 0[6] -> 1[7] via P2P/CUMEM
v-zhaozihan-spin-dev-j5jxm-vllm-0:1043935:1043935 [1] NCCL INFO Channel 21/0 : 1[7] -> 0[6] via P2P/CUMEM
v-zhaozihan-spin-dev-j5jxm-vllm-0:1043936:1043936 [0] NCCL INFO Channel 22/0 : 0[6] -> 1[7] via P2P/CUMEM
v-zhaozihan-spin-dev-j5jxm-vllm-0:1043935:1043935 [1] NCCL INFO Channel 22/0 : 1[7] -> 0[6] via P2P/CUMEM
v-zhaozihan-spin-dev-j5jxm-vllm-0:1043936:1043936 [0] NCCL INFO Channel 23/0 : 0[6] -> 1[7] via P2P/CUMEM
v-zhaozihan-spin-dev-j5jxm-vllm-0:1043935:1043935 [1] NCCL INFO Channel 23/0 : 1[7] -> 0[6] via P2P/CUMEM
v-zhaozihan-spin-dev-j5jxm-vllm-0:1043936:1043936 [0] NCCL INFO Channel 24/0 : 0[6] -> 1[7] via P2P/CUMEM
v-zhaozihan-spin-dev-j5jxm-vllm-0:1043935:1043935 [1] NCCL INFO Channel 24/0 : 1[7] -> 0[6] via P2P/CUMEM
v-zhaozihan-spin-dev-j5jxm-vllm-0:1043936:1043936 [0] NCCL INFO Channel 25/0 : 0[6] -> 1[7] via P2P/CUMEM
v-zhaozihan-spin-dev-j5jxm-vllm-0:1043935:1043935 [1] NCCL INFO Channel 25/0 : 1[7] -> 0[6] via P2P/CUMEM
v-zhaozihan-spin-dev-j5jxm-vllm-0:1043936:1043936 [0] NCCL INFO Channel 26/0 : 0[6] -> 1[7] via P2P/CUMEM
v-zhaozihan-spin-dev-j5jxm-vllm-0:1043935:1043935 [1] NCCL INFO Channel 26/0 : 1[7] -> 0[6] via P2P/CUMEM
v-zhaozihan-spin-dev-j5jxm-vllm-0:1043936:1043936 [0] NCCL INFO Channel 27/0 : 0[6] -> 1[7] via P2P/CUMEM
v-zhaozihan-spin-dev-j5jxm-vllm-0:1043935:1043935 [1] NCCL INFO Channel 27/0 : 1[7] -> 0[6] via P2P/CUMEM
v-zhaozihan-spin-dev-j5jxm-vllm-0:1043936:1043936 [0] NCCL INFO Channel 28/0 : 0[6] -> 1[7] via P2P/CUMEM
v-zhaozihan-spin-dev-j5jxm-vllm-0:1043935:1043935 [1] NCCL INFO Channel 28/0 : 1[7] -> 0[6] via P2P/CUMEM
v-zhaozihan-spin-dev-j5jxm-vllm-0:1043936:1043936 [0] NCCL INFO Channel 29/0 : 0[6] -> 1[7] via P2P/CUMEM
v-zhaozihan-spin-dev-j5jxm-vllm-0:1043935:1043935 [1] NCCL INFO Channel 29/0 : 1[7] -> 0[6] via P2P/CUMEM
v-zhaozihan-spin-dev-j5jxm-vllm-0:1043936:1043936 [0] NCCL INFO Channel 30/0 : 0[6] -> 1[7] via P2P/CUMEM
v-zhaozihan-spin-dev-j5jxm-vllm-0:1043935:1043935 [1] NCCL INFO Channel 30/0 : 1[7] -> 0[6] via P2P/CUMEM
v-zhaozihan-spin-dev-j5jxm-vllm-0:1043936:1043936 [0] NCCL INFO Channel 31/0 : 0[6] -> 1[7] via P2P/CUMEM
v-zhaozihan-spin-dev-j5jxm-vllm-0:1043935:1043935 [1] NCCL INFO Channel 31/0 : 1[7] -> 0[6] via P2P/CUMEM
v-zhaozihan-spin-dev-j5jxm-vllm-0:1043936:1043936 [0] NCCL INFO Connected all rings, use ring PXN 0 GDR 1
v-zhaozihan-spin-dev-j5jxm-vllm-0:1043935:1043935 [1] NCCL INFO Connected all rings, use ring PXN 0 GDR 1
v-zhaozihan-spin-dev-j5jxm-vllm-0:1043935:1043935 [1] NCCL INFO Initialized NET plugin IB
v-zhaozihan-spin-dev-j5jxm-vllm-0:1043935:1043935 [1] NCCL INFO Assigned NET plugin IB to comm
v-zhaozihan-spin-dev-j5jxm-vllm-0:1043935:1043935 [1] NCCL INFO Assigned GIN plugin GIN_IB_GDAKI to comm
v-zhaozihan-spin-dev-j5jxm-vllm-0:1043935:1043935 [1] NCCL INFO Using network IB
v-zhaozihan-spin-dev-j5jxm-vllm-0:1043936:1043936 [0] NCCL INFO Initialized NET plugin IB
v-zhaozihan-spin-dev-j5jxm-vllm-0:1043935:1043935 [1] NCCL INFO DMA-BUF is available on GPU device 1
v-zhaozihan-spin-dev-j5jxm-vllm-0:1043936:1043936 [0] NCCL INFO Assigned NET plugin IB to comm
v-zhaozihan-spin-dev-j5jxm-vllm-0:1043936:1043936 [0] NCCL INFO Assigned GIN plugin GIN_IB_GDAKI to comm
v-zhaozihan-spin-dev-j5jxm-vllm-0:1043936:1043936 [0] NCCL INFO Using network IB
v-zhaozihan-spin-dev-j5jxm-vllm-0:1043936:1043936 [0] NCCL INFO DMA-BUF is available on GPU device 0
v-zhaozihan-spin-dev-j5jxm-vllm-0:1043935:1043935 [1] NCCL INFO ncclCommInitRank comm 0x568513793930 rank 1 nranks 2 cudaDev 1 nvmlDev 7 busId dc000 commId 0x170808d7d3177e52 - Init START
v-zhaozihan-spin-dev-j5jxm-vllm-0:1043936:1043936 [0] NCCL INFO ncclCommInitRank comm 0x56059b7b4c00 rank 0 nranks 2 cudaDev 0 nvmlDev 6 busId ca000 commId 0x170808d7d3177e52 - Init START
v-zhaozihan-spin-dev-j5jxm-vllm-0:1043935:1043935 [1] NCCL INFO Bootstrap timings total 0.000407 (create 0.000021, send 0.000070, recv 0.000149, ring 0.000025, delay 0.000000)
v-zhaozihan-spin-dev-j5jxm-vllm-0:1043936:1043936 [0] NCCL INFO Bootstrap timings total 0.000382 (create 0.000018, send 0.000071, recv 0.000181, ring 0.000016, delay 0.000000)
v-zhaozihan-spin-dev-j5jxm-vllm-0:1043936:1043936 [0] NCCL INFO MNNVL busId 0xca000 fabric UUID 0.0 cliqueId 0x0 state 3 healthMask 0x80
v-zhaozihan-spin-dev-j5jxm-vllm-0:1043935:1043935 [1] NCCL INFO MNNVL busId 0xdc000 fabric UUID 0.0 cliqueId 0x0 state 3 healthMask 0x80
v-zhaozihan-spin-dev-j5jxm-vllm-0:1043935:1043935 [1] NCCL INFO ncclTopoGetCpuAffinity: Affinity for GPU 7 is 84-111. (GPU affinity = 84-111 ; CPU affinity = 0-111).
v-zhaozihan-spin-dev-j5jxm-vllm-0:1043935:1043935 [1] NCCL INFO NVLS multicast support is available on dev 1 (NVLS_NCHANNELS 24)
v-zhaozihan-spin-dev-j5jxm-vllm-0:1043936:1043936 [0] NCCL INFO ncclTopoGetCpuAffinity: Affinity for GPU 6 is 84-111. (GPU affinity = 84-111 ; CPU affinity = 0-111).
v-zhaozihan-spin-dev-j5jxm-vllm-0:1043936:1043936 [0] NCCL INFO NVLS multicast support is available on dev 0 (NVLS_NCHANNELS 24)
v-zhaozihan-spin-dev-j5jxm-vllm-0:1043935:1043935 [1] NCCL INFO comm 0x568513793930 rank 1 nRanks 2 nNodes 1 localRanks 2 localRank 1 MNNVL 0
v-zhaozihan-spin-dev-j5jxm-vllm-0:1043936:1043936 [0] NCCL INFO comm 0x56059b7b4c00 rank 0 nRanks 2 nNodes 1 localRanks 2 localRank 0 MNNVL 0
v-zhaozihan-spin-dev-j5jxm-vllm-0:1043936:1043936 [0] NCCL INFO Channel 00/32 : 0 1
v-zhaozihan-spin-dev-j5jxm-vllm-0:1043936:1043936 [0] NCCL INFO Channel 01/32 : 0 1
v-zhaozihan-spin-dev-j5jxm-vllm-0:1043936:1043936 [0] NCCL INFO Channel 02/32 : 0 1
v-zhaozihan-spin-dev-j5jxm-vllm-0:1043936:1043936 [0] NCCL INFO Channel 03/32 : 0 1
v-zhaozihan-spin-dev-j5jxm-vllm-0:1043936:1043936 [0] NCCL INFO Channel 04/32 : 0 1
v-zhaozihan-spin-dev-j5jxm-vllm-0:1043936:1043936 [0] NCCL INFO Channel 05/32 : 0 1
v-zhaozihan-spin-dev-j5jxm-vllm-0:1043936:1043936 [0] NCCL INFO Channel 06/32 : 0 1
v-zhaozihan-spin-dev-j5jxm-vllm-0:1043936:1043936 [0] NCCL INFO Channel 07/32 : 0 1
v-zhaozihan-spin-dev-j5jxm-vllm-0:1043936:1043936 [0] NCCL INFO Channel 08/32 : 0 1
v-zhaozihan-spin-dev-j5jxm-vllm-0:1043936:1043936 [0] NCCL INFO Channel 09/32 : 0 1
v-zhaozihan-spin-dev-j5jxm-vllm-0:1043936:1043936 [0] NCCL INFO Channel 10/32 : 0 1
v-zhaozihan-spin-dev-j5jxm-vllm-0:1043935:1043935 [1] NCCL INFO Trees [0] -1/-1/-1->1->0 [1] -1/-1/-1->1->0 [2] -1/-1/-1->1->0 [3] -1/-1/-1->1->0 [4] -1/-1/-1->1->0 [5] -1/-1/-1->1->0 [6] -1/-1/-1->1->0 [7] -1/-1/-1->1->0 [8] 0/-1/-1->1->-1 [9] 0/-1/-1->1->-1 [10] 0/-1/-1->1->-1 [11] 0/-1/-1->1->-1 [12] 0/-1/-1->1->-1 [13] 0/-1/-1->1->-1 [14] 0/-1/-1->1->-1 [15] 0/-1/-1->1->-1 [16] -1/-1/-1->1->0 [17] -1/-1/-1->1->0 [18] -1/-1/-1->1->0 [19] -1/-1/-1->1->0 [20] -1/-1/-1->1->0 [21] -1/-1/-1->1->0 [22] -1/-1/-1->1->0 [23] -1/-1/-1->1->0 [24] 0/-1/-1->1->-1 [25] 0/-1/-1->1->-1 [26] 0/-1/-1->1->-1 [27] 0/-1/-1->1->-1 [28] 0/-1/-1->1->-1 [29] 0/-1/-1->1->-1 [30] 0/-1/-1->1->-1 [31] 0/-1/-1->1->-1
v-zhaozihan-spin-dev-j5jxm-vllm-0:1043936:1043936 [0] NCCL INFO Channel 11/32 : 0 1
v-zhaozihan-spin-dev-j5jxm-vllm-0:1043935:1043935 [1] NCCL INFO P2P Chunksize set to 524288
v-zhaozihan-spin-dev-j5jxm-vllm-0:1043936:1043936 [0] NCCL INFO Channel 12/32 : 0 1
v-zhaozihan-spin-dev-j5jxm-vllm-0:1043936:1043936 [0] NCCL INFO Channel 13/32 : 0 1
v-zhaozihan-spin-dev-j5jxm-vllm-0:1043936:1043936 [0] NCCL INFO Channel 14/32 : 0 1
v-zhaozihan-spin-dev-j5jxm-vllm-0:1043935:1043935 [1] NCCL INFO Check P2P Type isAllDirectP2p 1 directMode 0 isAllCudaP2p 1
v-zhaozihan-spin-dev-j5jxm-vllm-0:1043936:1043936 [0] NCCL INFO Channel 15/32 : 0 1
v-zhaozihan-spin-dev-j5jxm-vllm-0:1043936:1043936 [0] NCCL INFO Channel 16/32 : 0 1
v-zhaozihan-spin-dev-j5jxm-vllm-0:1043936:1043936 [0] NCCL INFO Channel 17/32 : 0 1
v-zhaozihan-spin-dev-j5jxm-vllm-0:1043936:1043936 [0] NCCL INFO Channel 18/32 : 0 1
v-zhaozihan-spin-dev-j5jxm-vllm-0:1043936:1043936 [0] NCCL INFO Channel 19/32 : 0 1
v-zhaozihan-spin-dev-j5jxm-vllm-0:1043936:1043936 [0] NCCL INFO Channel 20/32 : 0 1
v-zhaozihan-spin-dev-j5jxm-vllm-0:1043936:1043936 [0] NCCL INFO Channel 21/32 : 0 1
v-zhaozihan-spin-dev-j5jxm-vllm-0:1043936:1043936 [0] NCCL INFO Channel 22/32 : 0 1
v-zhaozihan-spin-dev-j5jxm-vllm-0:1043936:1043936 [0] NCCL INFO Channel 23/32 : 0 1
v-zhaozihan-spin-dev-j5jxm-vllm-0:1043936:1043936 [0] NCCL INFO Channel 24/32 : 0 1
v-zhaozihan-spin-dev-j5jxm-vllm-0:1043936:1043936 [0] NCCL INFO Channel 25/32 : 0 1
v-zhaozihan-spin-dev-j5jxm-vllm-0:1043936:1043936 [0] NCCL INFO Channel 26/32 : 0 1
v-zhaozihan-spin-dev-j5jxm-vllm-0:1043936:1043936 [0] NCCL INFO Channel 27/32 : 0 1
v-zhaozihan-spin-dev-j5jxm-vllm-0:1043936:1043936 [0] NCCL INFO Channel 28/32 : 0 1
v-zhaozihan-spin-dev-j5jxm-vllm-0:1043936:1043936 [0] NCCL INFO Channel 29/32 : 0 1
v-zhaozihan-spin-dev-j5jxm-vllm-0:1043936:1043936 [0] NCCL INFO Channel 30/32 : 0 1
v-zhaozihan-spin-dev-j5jxm-vllm-0:1043936:1043936 [0] NCCL INFO Channel 31/32 : 0 1
v-zhaozihan-spin-dev-j5jxm-vllm-0:1043936:1043936 [0] NCCL INFO Trees [0] 1/-1/-1->0->-1 [1] 1/-1/-1->0->-1 [2] 1/-1/-1->0->-1 [3] 1/-1/-1->0->-1 [4] 1/-1/-1->0->-1 [5] 1/-1/-1->0->-1 [6] 1/-1/-1->0->-1 [7] 1/-1/-1->0->-1 [8] -1/-1/-1->0->1 [9] -1/-1/-1->0->1 [10] -1/-1/-1->0->1 [11] -1/-1/-1->0->1 [12] -1/-1/-1->0->1 [13] -1/-1/-1->0->1 [14] -1/-1/-1->0->1 [15] -1/-1/-1->0->1 [16] 1/-1/-1->0->-1 [17] 1/-1/-1->0->-1 [18] 1/-1/-1->0->-1 [19] 1/-1/-1->0->-1 [20] 1/-1/-1->0->-1 [21] 1/-1/-1->0->-1 [22] 1/-1/-1->0->-1 [23] 1/-1/-1->0->-1 [24] -1/-1/-1->0->1 [25] -1/-1/-1->0->1 [26] -1/-1/-1->0->1 [27] -1/-1/-1->0->1 [28] -1/-1/-1->0->1 [29] -1/-1/-1->0->1 [30] -1/-1/-1->0->1 [31] -1/-1/-1->0->1
v-zhaozihan-spin-dev-j5jxm-vllm-0:1043936:1043936 [0] NCCL INFO P2P Chunksize set to 524288
v-zhaozihan-spin-dev-j5jxm-vllm-0:1043936:1043936 [0] NCCL INFO Check P2P Type isAllDirectP2p 1 directMode 0 isAllCudaP2p 1
v-zhaozihan-spin-dev-j5jxm-vllm-0:1043936:1044374 [0] NCCL INFO [Proxy Service] Device 0 CPU core 104
v-zhaozihan-spin-dev-j5jxm-vllm-0:1043935:1044373 [0] NCCL INFO [Proxy Service] Device 1 CPU core 109
v-zhaozihan-spin-dev-j5jxm-vllm-0:1043936:1044376 [0] NCCL INFO [Proxy Service UDS] Device 0 CPU core 111
v-zhaozihan-spin-dev-j5jxm-vllm-0:1043935:1044375 [0] NCCL INFO [Proxy Service UDS] Device 1 CPU core 110
v-zhaozihan-spin-dev-j5jxm-vllm-0:1043935:1043935 [1] NCCL INFO threadThresholds 8/8/64 | 16/8/64 | 512 | 512
v-zhaozihan-spin-dev-j5jxm-vllm-0:1043935:1043935 [1] NCCL INFO 32 coll channels, 32 collnet channels, 24 nvls channels, 32 p2p channels, 32 p2p channels per peer
v-zhaozihan-spin-dev-j5jxm-vllm-0:1043936:1043936 [0] NCCL INFO threadThresholds 8/8/64 | 16/8/64 | 512 | 512
v-zhaozihan-spin-dev-j5jxm-vllm-0:1043936:1043936 [0] NCCL INFO 32 coll channels, 32 collnet channels, 24 nvls channels, 32 p2p channels, 32 p2p channels per peer
v-zhaozihan-spin-dev-j5jxm-vllm-0:1043936:1043936 [0] NCCL INFO CC Off, workFifoBytes 1048576
v-zhaozihan-spin-dev-j5jxm-vllm-0:1043936:1043936 [0] NCCL INFO ncclCommInitRank comm 0x56059b7b4c00 rank 0 nranks 2 cudaDev 0 nvmlDev 6 busId ca000 commId 0x170808d7d3177e52 - Init COMPLETE
v-zhaozihan-spin-dev-j5jxm-vllm-0:1043936:1043936 [0] NCCL INFO Init timings - ncclCommInitRank: rank 0 nranks 2 total 0.32 (kernels 0.00, alloc 0.00, bootstrap 0.00, allgathers 0.00, topo 0.19, graphs 0.01, connections 0.12, rest 0.00)
v-zhaozihan-spin-dev-j5jxm-vllm-0:1043935:1043935 [1] NCCL INFO ncclCommInitRank comm 0x568513793930 rank 1 nranks 2 cudaDev 1 nvmlDev 7 busId dc000 commId 0x170808d7d3177e52 - Init COMPLETE
v-zhaozihan-spin-dev-j5jxm-vllm-0:1043935:1043935 [1] NCCL INFO Init timings - ncclCommInitRank: rank 1 nranks 2 total 0.32 (kernels 0.00, alloc 0.00, bootstrap 0.00, allgathers 0.00, topo 0.19, graphs 0.01, connections 0.12, rest 0.00)
v-zhaozihan-spin-dev-j5jxm-vllm-0:1043936:1043936 [0] NCCL INFO Channel 00/0 : 0[6] -> 1[7] via P2P/CUMEM
v-zhaozihan-spin-dev-j5jxm-vllm-0:1043935:1043935 [1] NCCL INFO Channel 00/0 : 1[7] -> 0[6] via P2P/CUMEM
v-zhaozihan-spin-dev-j5jxm-vllm-0:1043936:1043936 [0] NCCL INFO Channel 01/0 : 0[6] -> 1[7] via P2P/CUMEM
v-zhaozihan-spin-dev-j5jxm-vllm-0:1043935:1043935 [1] NCCL INFO Channel 01/0 : 1[7] -> 0[6] via P2P/CUMEM
v-zhaozihan-spin-dev-j5jxm-vllm-0:1043936:1043936 [0] NCCL INFO Channel 02/0 : 0[6] -> 1[7] via P2P/CUMEM
v-zhaozihan-spin-dev-j5jxm-vllm-0:1043935:1043935 [1] NCCL INFO Channel 02/0 : 1[7] -> 0[6] via P2P/CUMEM
v-zhaozihan-spin-dev-j5jxm-vllm-0:1043936:1043936 [0] NCCL INFO Channel 03/0 : 0[6] -> 1[7] via P2P/CUMEM
v-zhaozihan-spin-dev-j5jxm-vllm-0:1043935:1043935 [1] NCCL INFO Channel 03/0 : 1[7] -> 0[6] via P2P/CUMEM
v-zhaozihan-spin-dev-j5jxm-vllm-0:1043936:1043936 [0] NCCL INFO Channel 04/0 : 0[6] -> 1[7] via P2P/CUMEM
v-zhaozihan-spin-dev-j5jxm-vllm-0:1043935:1043935 [1] NCCL INFO Channel 04/0 : 1[7] -> 0[6] via P2P/CUMEM
v-zhaozihan-spin-dev-j5jxm-vllm-0:1043936:1043936 [0] NCCL INFO Channel 05/0 : 0[6] -> 1[7] via P2P/CUMEM
v-zhaozihan-spin-dev-j5jxm-vllm-0:1043935:1043935 [1] NCCL INFO Channel 05/0 : 1[7] -> 0[6] via P2P/CUMEM
v-zhaozihan-spin-dev-j5jxm-vllm-0:1043936:1043936 [0] NCCL INFO Channel 06/0 : 0[6] -> 1[7] via P2P/CUMEM
v-zhaozihan-spin-dev-j5jxm-vllm-0:1043935:1043935 [1] NCCL INFO Channel 06/0 : 1[7] -> 0[6] via P2P/CUMEM
v-zhaozihan-spin-dev-j5jxm-vllm-0:1043936:1043936 [0] NCCL INFO Channel 07/0 : 0[6] -> 1[7] via P2P/CUMEM
v-zhaozihan-spin-dev-j5jxm-vllm-0:1043935:1043935 [1] NCCL INFO Channel 07/0 : 1[7] -> 0[6] via P2P/CUMEM
v-zhaozihan-spin-dev-j5jxm-vllm-0:1043936:1043936 [0] NCCL INFO Channel 08/0 : 0[6] -> 1[7] via P2P/CUMEM
v-zhaozihan-spin-dev-j5jxm-vllm-0:1043935:1043935 [1] NCCL INFO Channel 08/0 : 1[7] -> 0[6] via P2P/CUMEM
v-zhaozihan-spin-dev-j5jxm-vllm-0:1043936:1043936 [0] NCCL INFO Channel 09/0 : 0[6] -> 1[7] via P2P/CUMEM
v-zhaozihan-spin-dev-j5jxm-vllm-0:1043935:1043935 [1] NCCL INFO Channel 09/0 : 1[7] -> 0[6] via P2P/CUMEM
v-zhaozihan-spin-dev-j5jxm-vllm-0:1043936:1043936 [0] NCCL INFO Channel 10/0 : 0[6] -> 1[7] via P2P/CUMEM
v-zhaozihan-spin-dev-j5jxm-vllm-0:1043935:1043935 [1] NCCL INFO Channel 10/0 : 1[7] -> 0[6] via P2P/CUMEM
v-zhaozihan-spin-dev-j5jxm-vllm-0:1043936:1043936 [0] NCCL INFO Channel 11/0 : 0[6] -> 1[7] via P2P/CUMEM
v-zhaozihan-spin-dev-j5jxm-vllm-0:1043935:1043935 [1] NCCL INFO Channel 11/0 : 1[7] -> 0[6] via P2P/CUMEM
v-zhaozihan-spin-dev-j5jxm-vllm-0:1043936:1043936 [0] NCCL INFO Channel 12/0 : 0[6] -> 1[7] via P2P/CUMEM
v-zhaozihan-spin-dev-j5jxm-vllm-0:1043935:1043935 [1] NCCL INFO Channel 12/0 : 1[7] -> 0[6] via P2P/CUMEM
v-zhaozihan-spin-dev-j5jxm-vllm-0:1043936:1043936 [0] NCCL INFO Channel 13/0 : 0[6] -> 1[7] via P2P/CUMEM
v-zhaozihan-spin-dev-j5jxm-vllm-0:1043935:1043935 [1] NCCL INFO Channel 13/0 : 1[7] -> 0[6] via P2P/CUMEM
v-zhaozihan-spin-dev-j5jxm-vllm-0:1043936:1043936 [0] NCCL INFO Channel 14/0 : 0[6] -> 1[7] via P2P/CUMEM
v-zhaozihan-spin-dev-j5jxm-vllm-0:1043935:1043935 [1] NCCL INFO Channel 14/0 : 1[7] -> 0[6] via P2P/CUMEM
v-zhaozihan-spin-dev-j5jxm-vllm-0:1043936:1043936 [0] NCCL INFO Channel 15/0 : 0[6] -> 1[7] via P2P/CUMEM
v-zhaozihan-spin-dev-j5jxm-vllm-0:1043935:1043935 [1] NCCL INFO Channel 15/0 : 1[7] -> 0[6] via P2P/CUMEM
v-zhaozihan-spin-dev-j5jxm-vllm-0:1043936:1043936 [0] NCCL INFO Channel 16/0 : 0[6] -> 1[7] via P2P/CUMEM
v-zhaozihan-spin-dev-j5jxm-vllm-0:1043935:1043935 [1] NCCL INFO Channel 16/0 : 1[7] -> 0[6] via P2P/CUMEM
v-zhaozihan-spin-dev-j5jxm-vllm-0:1043936:1043936 [0] NCCL INFO Channel 17/0 : 0[6] -> 1[7] via P2P/CUMEM
v-zhaozihan-spin-dev-j5jxm-vllm-0:1043935:1043935 [1] NCCL INFO Channel 17/0 : 1[7] -> 0[6] via P2P/CUMEM
v-zhaozihan-spin-dev-j5jxm-vllm-0:1043936:1043936 [0] NCCL INFO Channel 18/0 : 0[6] -> 1[7] via P2P/CUMEM
v-zhaozihan-spin-dev-j5jxm-vllm-0:1043935:1043935 [1] NCCL INFO Channel 18/0 : 1[7] -> 0[6] via P2P/CUMEM
v-zhaozihan-spin-dev-j5jxm-vllm-0:1043936:1043936 [0] NCCL INFO Channel 19/0 : 0[6] -> 1[7] via P2P/CUMEM
v-zhaozihan-spin-dev-j5jxm-vllm-0:1043935:1043935 [1] NCCL INFO Channel 19/0 : 1[7] -> 0[6] via P2P/CUMEM
v-zhaozihan-spin-dev-j5jxm-vllm-0:1043936:1043936 [0] NCCL INFO Channel 20/0 : 0[6] -> 1[7] via P2P/CUMEM
v-zhaozihan-spin-dev-j5jxm-vllm-0:1043935:1043935 [1] NCCL INFO Channel 20/0 : 1[7] -> 0[6] via P2P/CUMEM
v-zhaozihan-spin-dev-j5jxm-vllm-0:1043936:1043936 [0] NCCL INFO Channel 21/0 : 0[6] -> 1[7] via P2P/CUMEM
v-zhaozihan-spin-dev-j5jxm-vllm-0:1043935:1043935 [1] NCCL INFO Channel 21/0 : 1[7] -> 0[6] via P2P/CUMEM
v-zhaozihan-spin-dev-j5jxm-vllm-0:1043936:1043936 [0] NCCL INFO Channel 22/0 : 0[6] -> 1[7] via P2P/CUMEM
v-zhaozihan-spin-dev-j5jxm-vllm-0:1043935:1043935 [1] NCCL INFO Channel 22/0 : 1[7] -> 0[6] via P2P/CUMEM
v-zhaozihan-spin-dev-j5jxm-vllm-0:1043936:1043936 [0] NCCL INFO Channel 23/0 : 0[6] -> 1[7] via P2P/CUMEM
v-zhaozihan-spin-dev-j5jxm-vllm-0:1043935:1043935 [1] NCCL INFO Channel 23/0 : 1[7] -> 0[6] via P2P/CUMEM
v-zhaozihan-spin-dev-j5jxm-vllm-0:1043936:1043936 [0] NCCL INFO Channel 24/0 : 0[6] -> 1[7] via P2P/CUMEM
v-zhaozihan-spin-dev-j5jxm-vllm-0:1043935:1043935 [1] NCCL INFO Channel 24/0 : 1[7] -> 0[6] via P2P/CUMEM
v-zhaozihan-spin-dev-j5jxm-vllm-0:1043936:1043936 [0] NCCL INFO Channel 25/0 : 0[6] -> 1[7] via P2P/CUMEM
v-zhaozihan-spin-dev-j5jxm-vllm-0:1043935:1043935 [1] NCCL INFO Channel 25/0 : 1[7] -> 0[6] via P2P/CUMEM
v-zhaozihan-spin-dev-j5jxm-vllm-0:1043936:1043936 [0] NCCL INFO Channel 26/0 : 0[6] -> 1[7] via P2P/CUMEM
v-zhaozihan-spin-dev-j5jxm-vllm-0:1043935:1043935 [1] NCCL INFO Channel 26/0 : 1[7] -> 0[6] via P2P/CUMEM
v-zhaozihan-spin-dev-j5jxm-vllm-0:1043936:1043936 [0] NCCL INFO Channel 27/0 : 0[6] -> 1[7] via P2P/CUMEM
v-zhaozihan-spin-dev-j5jxm-vllm-0:1043935:1043935 [1] NCCL INFO Channel 27/0 : 1[7] -> 0[6] via P2P/CUMEM
v-zhaozihan-spin-dev-j5jxm-vllm-0:1043936:1043936 [0] NCCL INFO Channel 28/0 : 0[6] -> 1[7] via P2P/CUMEM
v-zhaozihan-spin-dev-j5jxm-vllm-0:1043935:1043935 [1] NCCL INFO Channel 28/0 : 1[7] -> 0[6] via P2P/CUMEM
v-zhaozihan-spin-dev-j5jxm-vllm-0:1043936:1043936 [0] NCCL INFO Channel 29/0 : 0[6] -> 1[7] via P2P/CUMEM
v-zhaozihan-spin-dev-j5jxm-vllm-0:1043935:1043935 [1] NCCL INFO Channel 29/0 : 1[7] -> 0[6] via P2P/CUMEM
v-zhaozihan-spin-dev-j5jxm-vllm-0:1043936:1043936 [0] NCCL INFO Channel 30/0 : 0[6] -> 1[7] via P2P/CUMEM
v-zhaozihan-spin-dev-j5jxm-vllm-0:1043935:1043935 [1] NCCL INFO Channel 30/0 : 1[7] -> 0[6] via P2P/CUMEM
v-zhaozihan-spin-dev-j5jxm-vllm-0:1043936:1043936 [0] NCCL INFO Channel 31/0 : 0[6] -> 1[7] via P2P/CUMEM
v-zhaozihan-spin-dev-j5jxm-vllm-0:1043935:1043935 [1] NCCL INFO Channel 31/0 : 1[7] -> 0[6] via P2P/CUMEM
v-zhaozihan-spin-dev-j5jxm-vllm-0:1043935:1043935 [1] NCCL INFO Connected all rings, use ring PXN 0 GDR 1
v-zhaozihan-spin-dev-j5jxm-vllm-0:1043936:1043936 [0] NCCL INFO Connected all rings, use ring PXN 0 GDR 1
(Worker pid=1043936) INFO 05-21 07:53:11 [cuda_communicator.py:169] Using AgRsAll2AllManager all2all manager.
(Worker pid=1043936) INFO 05-21 07:53:11 [parallel_state.py:1715] rank 0 in world size 2 is assigned as DP rank 0, PP rank 0, PCP rank 0, TP rank 0, EP rank 0, EPLB rank N/A
(Worker_DP0_EP0 pid=1043936) INFO 05-21 07:53:12 [gpu_model_runner.py:4792] Starting to load model Qwen/Qwen3-30B-A3B-Instruct-2507...
(Worker_DP0_EP0 pid=1043936) INFO 05-21 07:53:13 [cuda.py:368] Using FLASHINFER attention backend out of potential backends: ['FLASHINFER', 'FLASH_ATTN', 'TRITON_ATTN', 'FLEX_ATTENTION'].
(Worker_DP0_EP0 pid=1043936) INFO 05-21 07:53:13 [selector.py:136] Using HND KV cache layout for FLASHINFER backend.
(Worker_DP0_EP0 pid=1043936) INFO 05-21 07:53:13 [layer.py:408] [EP Rank 0/2] Expert parallelism is enabled. Expert placement strategy: linear. Local/global number of experts: 64/128. Experts local to global index map: 0->0, 1->1, 2->2, 3->3, 4->4, 5->5, 6->6, 7->7, 8->8, 9->9, 10->10, 11->11, 12->12, 13->13, 14->14, 15->15, 16->16, 17->17, 18->18, 19->19, 20->20, 21->21, 22->22, 23->23, 24->24, 25->25, 26->26, 27->27, 28->28, 29->29, 30->30, 31->31, 32->32, 33->33, 34->34, 35->35, 36->36, 37->37, 38->38, 39->39, 40->40, 41->41, 42->42, 43->43, 44->44, 45->45, 46->46, 47->47, 48->48, 49->49, 50->50, 51->51, 52->52, 53->53, 54->54, 55->55, 56->56, 57->57, 58->58, 59->59, 60->60, 61->61, 62->62, 63->63.
(Worker_DP0_EP0 pid=1043936) INFO 05-21 07:53:13 [unquantized.py:213] Using TRITON Unquantized MoE backend out of potential backends: ['FlashInfer TRTLLM', 'TRITON', 'BATCHED_TRITON', 'FlashInfer CUTLASS'].
(Worker_DP0_EP0 pid=1043936) Warning: You are sending unauthenticated requests to the HF Hub. Please set a HF_TOKEN to enable higher rate limits and faster downloads.
(Worker_DP0_EP0 pid=1043936) INFO 05-21 07:53:13 [weight_utils.py:904] Filesystem type for checkpoints: OVERLAY. Checkpoint size: 56.87 GiB. Available RAM: 2919.23 GiB.
(Worker_DP0_EP0 pid=1043936) INFO 05-21 07:53:13 [weight_utils.py:927] Auto-prefetch is disabled because the filesystem (OVERLAY) is not a recognized network FS (NFS/Lustre). If you want to force prefetching, start vLLM with --safetensors-load-strategy=prefetch.
(Worker_DP0_EP0 pid=1043936) Loading safetensors checkpoint shards:   0% Completed | 0/16 [00:00<?, ?it/s]
(Worker_DP1_EP1 pid=1043935) INFO 05-21 07:53:14 [selector.py:136] Using HND KV cache layout for FLASHINFER backend.
(Worker_DP0_EP0 pid=1043936) Loading safetensors checkpoint shards:   6% Completed | 1/16 [00:00<00:07,  2.01it/s]
(Worker_DP1_EP1 pid=1043935) Warning: You are sending unauthenticated requests to the HF Hub. Please set a HF_TOKEN to enable higher rate limits and faster downloads.
(Worker_DP0_EP0 pid=1043936) Loading safetensors checkpoint shards:  12% Completed | 2/16 [00:00<00:06,  2.14it/s]
(Worker_DP0_EP0 pid=1043936) Loading safetensors checkpoint shards:  19% Completed | 3/16 [00:01<00:06,  2.11it/s]
(Worker_DP0_EP0 pid=1043936) Loading safetensors checkpoint shards:  25% Completed | 4/16 [00:01<00:05,  2.06it/s]
(Worker_DP0_EP0 pid=1043936) Loading safetensors checkpoint shards:  31% Completed | 5/16 [00:02<00:05,  2.03it/s]
(Worker_DP0_EP0 pid=1043936) Loading safetensors checkpoint shards:  38% Completed | 6/16 [00:02<00:04,  2.05it/s]
(Worker_DP0_EP0 pid=1043936) Loading safetensors checkpoint shards:  44% Completed | 7/16 [00:03<00:04,  2.00it/s]
(Worker_DP0_EP0 pid=1043936) Loading safetensors checkpoint shards:  50% Completed | 8/16 [00:04<00:04,  1.90it/s]
(Worker_DP0_EP0 pid=1043936) Loading safetensors checkpoint shards:  56% Completed | 9/16 [00:04<00:03,  1.84it/s]
(Worker_DP0_EP0 pid=1043936) Loading safetensors checkpoint shards:  62% Completed | 10/16 [00:05<00:03,  1.88it/s]
(Worker_DP0_EP0 pid=1043936) Loading safetensors checkpoint shards:  69% Completed | 11/16 [00:05<00:02,  1.98it/s]
(Worker_DP0_EP0 pid=1043936) Loading safetensors checkpoint shards:  75% Completed | 12/16 [00:06<00:02,  2.00it/s]
(Worker_DP0_EP0 pid=1043936) Loading safetensors checkpoint shards:  81% Completed | 13/16 [00:06<00:01,  2.01it/s]
(Worker_DP0_EP0 pid=1043936) Loading safetensors checkpoint shards:  88% Completed | 14/16 [00:07<00:00,  2.03it/s]
(Worker_DP0_EP0 pid=1043936) Loading safetensors checkpoint shards:  94% Completed | 15/16 [00:07<00:00,  2.06it/s]
(Worker_DP0_EP0 pid=1043936) Loading safetensors checkpoint shards: 100% Completed | 16/16 [00:07<00:00,  2.62it/s]
(Worker_DP0_EP0 pid=1043936) Loading safetensors checkpoint shards: 100% Completed | 16/16 [00:07<00:00,  2.10it/s]
(Worker_DP0_EP0 pid=1043936) 
(Worker_DP0_EP0 pid=1043936) INFO 05-21 07:53:21 [default_loader.py:384] Loading weights took 7.64 seconds
(Worker_DP0_EP0 pid=1043936) INFO 05-21 07:53:21 [unquantized.py:343] Using MoEPrepareAndFinalizeNaiveDPEPModular
(Worker_DP0_EP0 pid=1043936) INFO 05-21 07:53:22 [gpu_model_runner.py:4894] Model loading took 29.93 GiB memory and 8.630385 seconds
(Worker_DP0_EP0 pid=1043936) INFO 05-21 07:53:22 [dp_utils.py:28] Using CPU all reduce to synchronize DP padding between ranks.
(Worker_DP1_EP1 pid=1043935) [moe_a2a_profiler] enabled, pid=1043935 backend=allgather_reducescatter dp=2 ep=True pcp=1
(Worker_DP0_EP0 pid=1043936) [moe_a2a_profiler] enabled, pid=1043936 backend=allgather_reducescatter dp=2 ep=True pcp=1
(Worker_DP0_EP0 pid=1043936) WARNING 05-21 07:53:23 [fused_moe.py:1091] Using default MoE config. Performance might be sub-optimal! Config file not found at /data/zihan/projects/vllm-nvlink/vllm/model_executor/layers/fused_moe/configs/E=64,N=768,device_name=NVIDIA_B200.json
(EngineCore_DP1 pid=1043278) INFO 05-21 07:53:24 [kv_cache_utils.py:1711] GPU KV cache size: 1,293,648 tokens
(EngineCore_DP1 pid=1043278) INFO 05-21 07:53:24 [kv_cache_utils.py:1716] Maximum concurrency for 8,192 tokens per request: 157.92x
(Worker_DP0_EP0 pid=1043936) INFO 05-21 07:53:24 [gpu_worker.py:440] Available KV cache memory: 118.44 GiB
(EngineCore_DP0 pid=1043277) INFO 05-21 07:53:24 [kv_cache_utils.py:1711] GPU KV cache size: 1,293,648 tokens
(EngineCore_DP0 pid=1043277) INFO 05-21 07:53:24 [kv_cache_utils.py:1716] Maximum concurrency for 8,192 tokens per request: 157.92x
(Worker_DP0_EP0 pid=1043936) INFO 05-21 07:53:24 [utils.py:60] `_KV_CACHE_LAYOUT_OVERRIDE` variable detected. Setting KV cache layout to HND.
(Worker_DP0_EP0 pid=1043936) 2026-05-21 07:53:25,352 - INFO - autotuner.py:457 - flashinfer.jit: [Autotuner]: Autotuning process starts ...
(Worker_DP1_EP1 pid=1043935) 2026-05-21 07:53:26,029 - INFO - autotuner.py:457 - flashinfer.jit: [Autotuner]: Autotuning process starts ...
(Worker_DP0_EP0 pid=1043936) 2026-05-21 07:53:26,297 - INFO - autotuner.py:466 - flashinfer.jit: [Autotuner]: Autotuning process ends
(Worker_DP0_EP0 pid=1043936) INFO 05-21 07:53:26 [kernel_warmup.py:69] Warming up FlashInfer attention.
(Worker_DP1_EP1 pid=1043935) 2026-05-21 07:53:26,304 - INFO - autotuner.py:466 - flashinfer.jit: [Autotuner]: Autotuning process ends
(Worker_DP1_EP1 pid=1043935) INFO 05-21 07:53:26 [kernel_warmup.py:69] Warming up FlashInfer attention.
(Worker_DP0_EP0 pid=1043936) WARNING 05-21 07:53:26 [flashinfer.py:405] Using TRTLLM prefill attention (auto-detected).
(EngineCore_DP0 pid=1043277) INFO 05-21 07:53:27 [core.py:306] init engine (profile, create kv cache, warmup model) took 4.92 s
(EngineCore_DP1 pid=1043278) INFO 05-21 07:53:27 [core.py:306] init engine (profile, create kv cache, warmup model) took 3.93 s
(EngineCore_DP0 pid=1043277) Warning: You are sending unauthenticated requests to the HF Hub. Please set a HF_TOKEN to enable higher rate limits and faster downloads.
(EngineCore_DP1 pid=1043278) Warning: You are sending unauthenticated requests to the HF Hub. Please set a HF_TOKEN to enable higher rate limits and faster downloads.
