(APIServer pid=175206) INFO 05-29 09:35:32 [utils.py:299] 
(APIServer pid=175206) INFO 05-29 09:35:32 [utils.py:299]        █     █     █▄   ▄█
(APIServer pid=175206) INFO 05-29 09:35:32 [utils.py:299]  ▄▄ ▄█ █     █     █ ▀▄▀ █  version 0.1.dev7+gb045f6818
(APIServer pid=175206) INFO 05-29 09:35:32 [utils.py:299]   █▄█▀ █     █     █     █  model   Qwen/Qwen3-30B-A3B-Instruct-2507
(APIServer pid=175206) INFO 05-29 09:35:32 [utils.py:299]    ▀▀  ▀▀▀▀▀ ▀▀▀▀▀ ▀     ▀
(APIServer pid=175206) INFO 05-29 09:35:32 [utils.py:299] 
(APIServer pid=175206) INFO 05-29 09:35:32 [utils.py:233] non-default args: {'host': '0.0.0.0', 'port': 8200, 'model': 'Qwen/Qwen3-30B-A3B-Instruct-2507', 'trust_remote_code': True, 'served_model_name': ['Qwen3-30B-A3B-Instruct-2507'], 'attention_backend': 'FLASHINFER', 'data_parallel_size': 2, 'gpu_memory_utilization': 0.85, 'enable_prefix_caching': False, 'max_num_batched_tokens': 2048, 'moe_backend': 'triton', 'kv_transfer_config': KVTransferConfig(kv_connector='NixlConnector', engine_id='22cfe57f-68a4-4fd4-a065-21008f396e84', kv_buffer_device='cuda', kv_buffer_size=1000000000.0, kv_role='kv_consumer', kv_rank=None, kv_parallel_size=1, kv_ip='127.0.0.1', kv_port=14579, kv_connector_extra_config={}, kv_connector_module_path=None, enable_permute_local_kv=False, kv_load_failure_policy='fail'), 'attention_config': AttentionConfig(backend=None, flash_attn_version=None, use_prefill_decode_attention=False, flash_attn_max_num_splits_for_cuda_graph=32, tq_max_kv_splits_for_cuda_graph=32, use_cudnn_prefill=False, use_trtllm_ragged_deepseek_prefill=False, use_trtllm_attention=False, disable_flashinfer_prefill=True, disable_flashinfer_q_quantization=False, use_prefill_query_quantization=False, use_fp4_indexer_cache=False), 'disable_log_stats': True}
(APIServer pid=175206) WARNING 05-29 09:35:32 [envs.py:1829] Unknown vLLM environment variable detected: VLLM_PD_TRACE_DIR
(APIServer pid=175206) Warning: You are sending unauthenticated requests to the HF Hub. Please set a HF_TOKEN to enable higher rate limits and faster downloads.
(APIServer pid=175206) INFO 05-29 09:35:33 [model.py:555] Resolved architecture: Qwen3MoeForCausalLM
(APIServer pid=175206) INFO 05-29 09:35:33 [model.py:1680] Using max model len 262144
(APIServer pid=175206) INFO 05-29 09:35:33 [vllm.py:840] Asynchronous scheduling is enabled.
(APIServer pid=175206) INFO 05-29 09:35:33 [vllm.py:850] Disabling NCCL for DP synchronization when using async scheduling.
(APIServer pid=175206) INFO 05-29 09:35:33 [kernel.py:205] Final IR op priority after setting platform defaults: IrOpPriorityConfig(rms_norm=['native'])
(APIServer pid=175206) INFO 05-29 09:35:37 [nixl_utils.py:20] Setting UCX_RCACHE_MAX_UNRELEASED to '1024' to avoid a rare memory leak in UCX when using NIXL.
(APIServer pid=175206) INFO 05-29 09:35:37 [nixl_utils.py:32] NIXL is available
(APIServer pid=175206) WARNING 05-29 09:35:40 [vllm.py:1293] Turning off hybrid kv cache manager because `--kv-transfer-config` is set. This will reduce the performance of vLLM on LLMs with sliding window attention or Mamba attention. If you are a developer of kv connector, please consider supporting hybrid kv cache manager for your connector by making sure your connector is a subclass of `SupportsHMA` defined in kv_connector/v1/base.py and use --no-disable-hybrid-kv-cache-manager to start vLLM.
(APIServer pid=175206) INFO 05-29 09:35:53 [utils.py:1035] Started DP Coordinator process (PID: 175522)
(EngineCore_DP1 pid=175636) INFO 05-29 09:36:05 [multiproc_executor.py:139] DP group leader: node_rank=0, node_rank_within_dp=0, master_addr=127.0.0.1, mq_connect_ip=10.45.217.29 (local), world_size=1, local_world_size=1
(EngineCore_DP0 pid=175635) INFO 05-29 09:36:07 [core.py:109] Initializing a V1 LLM engine (v0.1.dev7+gb045f6818) with config: model='Qwen/Qwen3-30B-A3B-Instruct-2507', speculative_config=None, tokenizer='Qwen/Qwen3-30B-A3B-Instruct-2507', skip_tokenizer_init=False, tokenizer_mode=auto, revision=None, tokenizer_revision=None, trust_remote_code=True, dtype=torch.bfloat16, max_seq_len=262144, download_dir=None, load_format=auto, tensor_parallel_size=1, pipeline_parallel_size=1, data_parallel_size=2, decode_context_parallel_size=1, dcp_comm_backend=ag_rs, disable_custom_all_reduce=False, quantization=None, quantization_config=None, enforce_eager=False, enable_return_routed_experts=False, kv_cache_dtype=auto, device_config=cuda, structured_outputs_config=StructuredOutputsConfig(backend='auto', disable_any_whitespace=False, disable_additional_properties=False, reasoning_parser='', reasoning_parser_plugin='', enable_in_reasoning=False), observability_config=ObservabilityConfig(show_hidden_metrics_for_version=None, otlp_traces_endpoint=None, collect_detailed_traces=None, kv_cache_metrics=False, kv_cache_metrics_sample=0.01, cudagraph_metrics=False, enable_layerwise_nvtx_tracing=False, enable_mfu_metrics=False, enable_mm_processor_stats=False, enable_logging_iteration_details=False), seed=0, served_model_name=Qwen3-30B-A3B-Instruct-2507, enable_prefix_caching=False, enable_chunked_prefill=True, pooler_config=None, compilation_config={'mode': <CompilationMode.VLLM_COMPILE: 3>, 'debug_dump_path': None, 'cache_dir': '', 'compile_cache_save_format': 'binary', 'backend': 'inductor', 'custom_ops': ['none'], 'ir_enable_torch_wrap': True, 'splitting_ops': ['vllm::unified_attention_with_output', 'vllm::unified_mla_attention_with_output', 'vllm::mamba_mixer2', 'vllm::mamba_mixer', 'vllm::short_conv', 'vllm::linear_attention', 'vllm::plamo2_mamba_mixer', 'vllm::gdn_attention_core', 'vllm::gdn_attention_core_xpu', 'vllm::olmo_hybrid_gdn_full_forward', 'vllm::kda_attention', 'vllm::sparse_attn_indexer', 'vllm::rocm_aiter_sparse_attn_indexer', 'vllm::deepseek_v4_attention', 'vllm::unified_kv_cache_update', 'vllm::unified_mla_kv_cache_update'], 'compile_mm_encoder': False, 'cudagraph_mm_encoder': False, 'encoder_cudagraph_token_budgets': [], 'encoder_cudagraph_max_vision_items_per_batch': 0, 'encoder_cudagraph_max_frames_per_batch': None, 'compile_sizes': [], 'compile_ranges_endpoints': [2048], 'inductor_compile_config': {'enable_auto_functionalized_v2': False, 'size_asserts': False, 'alignment_asserts': False, 'scalar_asserts': False, 'combo_kernels': True, 'benchmark_combo_kernel': True}, 'inductor_passes': {}, 'cudagraph_mode': <CUDAGraphMode.FULL_AND_PIECEWISE: (2, 1)>, 'cudagraph_num_of_warmups': 1, 'cudagraph_capture_sizes': [1, 2, 4, 8, 16, 24, 32, 40, 48, 56, 64, 72, 80, 88, 96, 104, 112, 120, 128, 136, 144, 152, 160, 168, 176, 184, 192, 200, 208, 216, 224, 232, 240, 248, 256, 272, 288, 304, 320, 336, 352, 368, 384, 400, 416, 432, 448, 464, 480, 496, 512], 'cudagraph_copy_inputs': False, 'cudagraph_specialize_lora': True, 'use_inductor_graph_partition': False, 'pass_config': {'fuse_norm_quant': False, 'fuse_act_quant': False, 'fuse_attn_quant': False, 'enable_sp': False, 'fuse_gemm_comms': False, 'fuse_allreduce_rms': False}, 'max_cudagraph_capture_size': 512, 'dynamic_shapes_config': {'type': <DynamicShapesType.BACKED: 'backed'>, 'evaluate_guards': False, 'assume_32_bit_indexing': False}, 'local_cache_dir': None, 'fast_moe_cold_start': False, 'static_all_moe_layers': []}, kernel_config=KernelConfig(ir_op_priority=IrOpPriorityConfig(rms_norm=['native']), enable_flashinfer_autotune=True, moe_backend='triton')
(EngineCore_DP0 pid=175635) INFO 05-29 09:36:07 [multiproc_executor.py:139] DP group leader: node_rank=0, node_rank_within_dp=0, master_addr=127.0.0.1, mq_connect_ip=10.45.217.29 (local), world_size=1, local_world_size=1
INFO 05-29 09:36:21 [nixl_utils.py:32] NIXL is available
INFO 05-29 09:36:22 [nixl_utils.py:32] NIXL is available
(Worker pid=175901) INFO 05-29 09:36:28 [parallel_state.py:1402] world_size=2 rank=0 local_rank=0 distributed_init_method=tcp://127.0.0.1:42261 backend=nccl
(Worker pid=175869) INFO 05-29 09:36:29 [parallel_state.py:1402] world_size=2 rank=1 local_rank=1 distributed_init_method=tcp://127.0.0.1:42261 backend=nccl
yanqizhang-spa-dev-px9wr-master-0:175901:175901 [0] NCCL INFO ENV/Plugin: Could not find: libnccl-env.so
yanqizhang-spa-dev-px9wr-master-0:175901:175901 [0] NCCL INFO Bootstrap: Using eth0:10.45.217.29<0>
(Worker pid=175901) INFO 05-29 09:36:34 [pynccl.py:111] vLLM is using nccl==2.28.9
yanqizhang-spa-dev-px9wr-master-0:175901:175901 [0] NCCL INFO cudaDriverVersion 13000
yanqizhang-spa-dev-px9wr-master-0:175869:175869 [1] NCCL INFO ENV/Plugin: Could not find: libnccl-env.so
yanqizhang-spa-dev-px9wr-master-0:175869:175869 [1] NCCL INFO cudaDriverVersion 13000
yanqizhang-spa-dev-px9wr-master-0:175901:175901 [0] NCCL INFO NCCL version 2.28.9+cuda13.0
yanqizhang-spa-dev-px9wr-master-0:175869:175869 [1] NCCL INFO Bootstrap: Using eth0:10.45.217.29<0>
yanqizhang-spa-dev-px9wr-master-0:175869:175869 [1] NCCL INFO NCCL version 2.28.9+cuda13.0
yanqizhang-spa-dev-px9wr-master-0:175869:175869 [1] NCCL INFO NET/Plugin: Could not find: libnccl-net.so
yanqizhang-spa-dev-px9wr-master-0:175869:175869 [1] NCCL INFO NCCL_IB_DISABLE set by environment to 0.
yanqizhang-spa-dev-px9wr-master-0:175869:175869 [1] NCCL INFO NET/IB : Using [0]mlx5_0:1/IB [1]mlx5_1:1/IB [2]mlx5_2:1/IB [3]mlx5_3:1/IB [4]mlx5_4:1/IB [5]mlx5_7:1/IB [6]mlx5_8:1/IB [7]mlx5_9:1/IB [8]mlx5_10:1/IB [9]mlx5_11:1/IB [10]mlx5_12:1/IB [11]mlx5_13:1/IB [RO]; OOB eth0:10.45.217.29<0>
yanqizhang-spa-dev-px9wr-master-0:175869:175869 [1] NCCL INFO Initialized NET plugin IB
yanqizhang-spa-dev-px9wr-master-0:175869:175869 [1] NCCL INFO Assigned NET plugin IB to comm
yanqizhang-spa-dev-px9wr-master-0:175869:175869 [1] NCCL INFO Assigned GIN plugin GIN_IB_GDAKI to comm
yanqizhang-spa-dev-px9wr-master-0:175869:175869 [1] NCCL INFO Using network IB
yanqizhang-spa-dev-px9wr-master-0:175869:175869 [1] NCCL INFO DMA-BUF is available on GPU device 1
yanqizhang-spa-dev-px9wr-master-0:175869:175869 [1] NCCL INFO ncclCommInitRank comm 0x5a8e10d2f6c0 rank 1 nranks 2 cudaDev 1 nvmlDev 7 busId dc000 commId 0x3edf67abb4e3caaa - Init START
yanqizhang-spa-dev-px9wr-master-0:175901:175901 [0] NCCL INFO NET/Plugin: Could not find: libnccl-net.so
yanqizhang-spa-dev-px9wr-master-0:175901:175901 [0] NCCL INFO NCCL_IB_DISABLE set by environment to 0.
yanqizhang-spa-dev-px9wr-master-0:175901:175901 [0] NCCL INFO NET/IB : Using [0]mlx5_0:1/IB [1]mlx5_1:1/IB [2]mlx5_2:1/IB [3]mlx5_3:1/IB [4]mlx5_4:1/IB [5]mlx5_7:1/IB [6]mlx5_8:1/IB [7]mlx5_9:1/IB [8]mlx5_10:1/IB [9]mlx5_11:1/IB [10]mlx5_12:1/IB [11]mlx5_13:1/IB [RO]; OOB eth0:10.45.217.29<0>
yanqizhang-spa-dev-px9wr-master-0:175901:175901 [0] NCCL INFO Initialized NET plugin IB
yanqizhang-spa-dev-px9wr-master-0:175901:175901 [0] NCCL INFO Assigned NET plugin IB to comm
yanqizhang-spa-dev-px9wr-master-0:175901:175901 [0] NCCL INFO Assigned GIN plugin GIN_IB_GDAKI to comm
yanqizhang-spa-dev-px9wr-master-0:175901:175901 [0] NCCL INFO Using network IB
yanqizhang-spa-dev-px9wr-master-0:175901:175901 [0] NCCL INFO DMA-BUF is available on GPU device 0
yanqizhang-spa-dev-px9wr-master-0:175901:175901 [0] NCCL INFO ncclCommInitRank comm 0x5996c1135ba0 rank 0 nranks 2 cudaDev 0 nvmlDev 6 busId ca000 commId 0x3edf67abb4e3caaa - Init START
yanqizhang-spa-dev-px9wr-master-0:175901:175901 [0] NCCL INFO RAS client listening socket at ::1<28028>
yanqizhang-spa-dev-px9wr-master-0:175869:175869 [1] NCCL INFO RAS client listening socket at ::1<28028>
yanqizhang-spa-dev-px9wr-master-0:175901:175901 [0] NCCL INFO Bootstrap timings total 0.003179 (create 0.000024, send 0.000085, recv 0.000134, ring 0.001698, delay 0.000000)
yanqizhang-spa-dev-px9wr-master-0:175869:175869 [1] NCCL INFO Bootstrap timings total 0.288569 (create 0.000029, send 0.000074, recv 0.285587, ring 0.000023, delay 0.000000)
yanqizhang-spa-dev-px9wr-master-0:175901:175901 [0] NCCL INFO MNNVL busId 0xca000 fabric UUID 0.0 cliqueId 0x0 state 3 healthMask 0x80
yanqizhang-spa-dev-px9wr-master-0:175869:175869 [1] NCCL INFO MNNVL busId 0xdc000 fabric UUID 0.0 cliqueId 0x0 state 3 healthMask 0x80
yanqizhang-spa-dev-px9wr-master-0:175901:175901 [0] NCCL INFO ncclTopoGetCpuAffinity: Affinity for GPU 6 is 84-111. (GPU affinity = 84-111 ; CPU affinity = 0-111).
yanqizhang-spa-dev-px9wr-master-0:175901:175901 [0] NCCL INFO NVLS multicast support is available on dev 0 (NVLS_NCHANNELS 24)
yanqizhang-spa-dev-px9wr-master-0:175869:175869 [1] NCCL INFO ncclTopoGetCpuAffinity: Affinity for GPU 7 is 84-111. (GPU affinity = 84-111 ; CPU affinity = 0-111).
yanqizhang-spa-dev-px9wr-master-0:175869:175869 [1] NCCL INFO NVLS multicast support is available on dev 1 (NVLS_NCHANNELS 24)
yanqizhang-spa-dev-px9wr-master-0:175901:175901 [0] NCCL INFO comm 0x5996c1135ba0 rank 0 nRanks 2 nNodes 1 localRanks 2 localRank 0 MNNVL 0
yanqizhang-spa-dev-px9wr-master-0:175869:175869 [1] NCCL INFO comm 0x5a8e10d2f6c0 rank 1 nRanks 2 nNodes 1 localRanks 2 localRank 1 MNNVL 0
yanqizhang-spa-dev-px9wr-master-0:175901:175901 [0] NCCL INFO Channel 00/32 : 0 1
yanqizhang-spa-dev-px9wr-master-0:175901:175901 [0] NCCL INFO Channel 01/32 : 0 1
yanqizhang-spa-dev-px9wr-master-0:175869:175869 [1] NCCL INFO Trees [0] -1/-1/-1->1->0 [1] -1/-1/-1->1->0 [2] -1/-1/-1->1->0 [3] -1/-1/-1->1->0 [4] -1/-1/-1->1->0 [5] -1/-1/-1->1->0 [6] -1/-1/-1->1->0 [7] -1/-1/-1->1->0 [8] 0/-1/-1->1->-1 [9] 0/-1/-1->1->-1 [10] 0/-1/-1->1->-1 [11] 0/-1/-1->1->-1 [12] 0/-1/-1->1->-1 [13] 0/-1/-1->1->-1 [14] 0/-1/-1->1->-1 [15] 0/-1/-1->1->-1 [16] -1/-1/-1->1->0 [17] -1/-1/-1->1->0 [18] -1/-1/-1->1->0 [19] -1/-1/-1->1->0 [20] -1/-1/-1->1->0 [21] -1/-1/-1->1->0 [22] -1/-1/-1->1->0 [23] -1/-1/-1->1->0 [24] 0/-1/-1->1->-1 [25] 0/-1/-1->1->-1 [26] 0/-1/-1->1->-1 [27] 0/-1/-1->1->-1 [28] 0/-1/-1->1->-1 [29] 0/-1/-1->1->-1 [30] 0/-1/-1->1->-1 [31] 0/-1/-1->1->-1
yanqizhang-spa-dev-px9wr-master-0:175869:175869 [1] NCCL INFO P2P Chunksize set to 524288
yanqizhang-spa-dev-px9wr-master-0:175901:175901 [0] NCCL INFO Channel 02/32 : 0 1
yanqizhang-spa-dev-px9wr-master-0:175901:175901 [0] NCCL INFO Channel 03/32 : 0 1
yanqizhang-spa-dev-px9wr-master-0:175869:175869 [1] NCCL INFO PROFILER/Plugin: Could not find: libnccl-profiler.so
yanqizhang-spa-dev-px9wr-master-0:175901:175901 [0] NCCL INFO Channel 04/32 : 0 1
yanqizhang-spa-dev-px9wr-master-0:175901:175901 [0] NCCL INFO Channel 05/32 : 0 1
yanqizhang-spa-dev-px9wr-master-0:175869:175869 [1] NCCL INFO Check P2P Type isAllDirectP2p 1 directMode 0 isAllCudaP2p 1
yanqizhang-spa-dev-px9wr-master-0:175901:175901 [0] NCCL INFO Channel 06/32 : 0 1
yanqizhang-spa-dev-px9wr-master-0:175901:175901 [0] NCCL INFO Channel 07/32 : 0 1
yanqizhang-spa-dev-px9wr-master-0:175869:176297 [0] NCCL INFO [Proxy Service] Device 1 CPU core 85
yanqizhang-spa-dev-px9wr-master-0:175901:175901 [0] NCCL INFO Channel 08/32 : 0 1
yanqizhang-spa-dev-px9wr-master-0:175901:175901 [0] NCCL INFO Channel 09/32 : 0 1
yanqizhang-spa-dev-px9wr-master-0:175869:176298 [0] NCCL INFO [Proxy Service UDS] Device 1 CPU core 90
yanqizhang-spa-dev-px9wr-master-0:175901:175901 [0] NCCL INFO Channel 10/32 : 0 1
yanqizhang-spa-dev-px9wr-master-0:175901:175901 [0] NCCL INFO Channel 11/32 : 0 1
yanqizhang-spa-dev-px9wr-master-0:175901:175901 [0] NCCL INFO Channel 12/32 : 0 1
yanqizhang-spa-dev-px9wr-master-0:175901:175901 [0] NCCL INFO Channel 13/32 : 0 1
yanqizhang-spa-dev-px9wr-master-0:175901:175901 [0] NCCL INFO Channel 14/32 : 0 1
yanqizhang-spa-dev-px9wr-master-0:175901:175901 [0] NCCL INFO Channel 15/32 : 0 1
yanqizhang-spa-dev-px9wr-master-0:175901:175901 [0] NCCL INFO Channel 16/32 : 0 1
yanqizhang-spa-dev-px9wr-master-0:175901:175901 [0] NCCL INFO Channel 17/32 : 0 1
yanqizhang-spa-dev-px9wr-master-0:175901:175901 [0] NCCL INFO Channel 18/32 : 0 1
yanqizhang-spa-dev-px9wr-master-0:175901:175901 [0] NCCL INFO Channel 19/32 : 0 1
yanqizhang-spa-dev-px9wr-master-0:175901:175901 [0] NCCL INFO Channel 20/32 : 0 1
yanqizhang-spa-dev-px9wr-master-0:175901:175901 [0] NCCL INFO Channel 21/32 : 0 1
yanqizhang-spa-dev-px9wr-master-0:175901:175901 [0] NCCL INFO Channel 22/32 : 0 1
yanqizhang-spa-dev-px9wr-master-0:175901:175901 [0] NCCL INFO Channel 23/32 : 0 1
yanqizhang-spa-dev-px9wr-master-0:175901:175901 [0] NCCL INFO Channel 24/32 : 0 1
yanqizhang-spa-dev-px9wr-master-0:175901:175901 [0] NCCL INFO Channel 25/32 : 0 1
yanqizhang-spa-dev-px9wr-master-0:175901:175901 [0] NCCL INFO Channel 26/32 : 0 1
yanqizhang-spa-dev-px9wr-master-0:175901:175901 [0] NCCL INFO Channel 27/32 : 0 1
yanqizhang-spa-dev-px9wr-master-0:175901:175901 [0] NCCL INFO Channel 28/32 : 0 1
yanqizhang-spa-dev-px9wr-master-0:175901:175901 [0] NCCL INFO Channel 29/32 : 0 1
yanqizhang-spa-dev-px9wr-master-0:175901:175901 [0] NCCL INFO Channel 30/32 : 0 1
yanqizhang-spa-dev-px9wr-master-0:175901:175901 [0] NCCL INFO Channel 31/32 : 0 1
yanqizhang-spa-dev-px9wr-master-0:175901:175901 [0] NCCL INFO Trees [0] 1/-1/-1->0->-1 [1] 1/-1/-1->0->-1 [2] 1/-1/-1->0->-1 [3] 1/-1/-1->0->-1 [4] 1/-1/-1->0->-1 [5] 1/-1/-1->0->-1 [6] 1/-1/-1->0->-1 [7] 1/-1/-1->0->-1 [8] -1/-1/-1->0->1 [9] -1/-1/-1->0->1 [10] -1/-1/-1->0->1 [11] -1/-1/-1->0->1 [12] -1/-1/-1->0->1 [13] -1/-1/-1->0->1 [14] -1/-1/-1->0->1 [15] -1/-1/-1->0->1 [16] 1/-1/-1->0->-1 [17] 1/-1/-1->0->-1 [18] 1/-1/-1->0->-1 [19] 1/-1/-1->0->-1 [20] 1/-1/-1->0->-1 [21] 1/-1/-1->0->-1 [22] 1/-1/-1->0->-1 [23] 1/-1/-1->0->-1 [24] -1/-1/-1->0->1 [25] -1/-1/-1->0->1 [26] -1/-1/-1->0->1 [27] -1/-1/-1->0->1 [28] -1/-1/-1->0->1 [29] -1/-1/-1->0->1 [30] -1/-1/-1->0->1 [31] -1/-1/-1->0->1
yanqizhang-spa-dev-px9wr-master-0:175901:175901 [0] NCCL INFO P2P Chunksize set to 524288
yanqizhang-spa-dev-px9wr-master-0:175901:175901 [0] NCCL INFO PROFILER/Plugin: Could not find: libnccl-profiler.so
yanqizhang-spa-dev-px9wr-master-0:175901:175901 [0] NCCL INFO Check P2P Type isAllDirectP2p 1 directMode 0 isAllCudaP2p 1
yanqizhang-spa-dev-px9wr-master-0:175901:176299 [0] NCCL INFO [Proxy Service] Device 0 CPU core 106
yanqizhang-spa-dev-px9wr-master-0:175901:176300 [0] NCCL INFO [Proxy Service UDS] Device 0 CPU core 109
yanqizhang-spa-dev-px9wr-master-0:175869:175869 [1] NCCL INFO TUNER/Plugin: Could not find: libnccl-tuner.so
yanqizhang-spa-dev-px9wr-master-0:175901:175901 [0] NCCL INFO TUNER/Plugin: Could not find: libnccl-tuner.so
yanqizhang-spa-dev-px9wr-master-0:175901:175901 [0] NCCL INFO threadThresholds 8/8/64 | 16/8/64 | 512 | 512
yanqizhang-spa-dev-px9wr-master-0:175869:175869 [1] NCCL INFO threadThresholds 8/8/64 | 16/8/64 | 512 | 512
yanqizhang-spa-dev-px9wr-master-0:175869:175869 [1] NCCL INFO 32 coll channels, 32 collnet channels, 24 nvls channels, 32 p2p channels, 32 p2p channels per peer
yanqizhang-spa-dev-px9wr-master-0:175901:175901 [0] NCCL INFO 32 coll channels, 32 collnet channels, 24 nvls channels, 32 p2p channels, 32 p2p channels per peer
yanqizhang-spa-dev-px9wr-master-0:175901:175901 [0] NCCL INFO CC Off, workFifoBytes 1048576
yanqizhang-spa-dev-px9wr-master-0:175869:175869 [1] NCCL INFO ncclCommInitRank comm 0x5a8e10d2f6c0 rank 1 nranks 2 cudaDev 1 nvmlDev 7 busId dc000 commId 0x3edf67abb4e3caaa - Init COMPLETE
yanqizhang-spa-dev-px9wr-master-0:175901:175901 [0] NCCL INFO ncclCommInitRank comm 0x5996c1135ba0 rank 0 nranks 2 cudaDev 0 nvmlDev 6 busId ca000 commId 0x3edf67abb4e3caaa - Init COMPLETE
yanqizhang-spa-dev-px9wr-master-0:175869:175869 [1] NCCL INFO Init timings - ncclCommInitRank: rank 1 nranks 2 total 1.69 (kernels 0.65, alloc 0.27, bootstrap 0.29, allgathers 0.00, topo 0.23, graphs 0.01, connections 0.22, rest 0.02)
yanqizhang-spa-dev-px9wr-master-0:175901:175901 [0] NCCL INFO Init timings - ncclCommInitRank: rank 0 nranks 2 total 1.05 (kernels 0.33, alloc 0.22, bootstrap 0.00, allgathers 0.04, topo 0.23, graphs 0.01, connections 0.19, rest 0.01)
yanqizhang-spa-dev-px9wr-master-0:175869:175869 [1] NCCL INFO Channel 00/0 : 1[7] -> 0[6] via P2P/CUMEM
yanqizhang-spa-dev-px9wr-master-0:175901:175901 [0] NCCL INFO Channel 00/0 : 0[6] -> 1[7] via P2P/CUMEM
yanqizhang-spa-dev-px9wr-master-0:175869:175869 [1] NCCL INFO Channel 01/0 : 1[7] -> 0[6] via P2P/CUMEM
yanqizhang-spa-dev-px9wr-master-0:175901:175901 [0] NCCL INFO Channel 01/0 : 0[6] -> 1[7] via P2P/CUMEM
yanqizhang-spa-dev-px9wr-master-0:175869:175869 [1] NCCL INFO Channel 02/0 : 1[7] -> 0[6] via P2P/CUMEM
yanqizhang-spa-dev-px9wr-master-0:175901:175901 [0] NCCL INFO Channel 02/0 : 0[6] -> 1[7] via P2P/CUMEM
yanqizhang-spa-dev-px9wr-master-0:175869:175869 [1] NCCL INFO Channel 03/0 : 1[7] -> 0[6] via P2P/CUMEM
yanqizhang-spa-dev-px9wr-master-0:175901:175901 [0] NCCL INFO Channel 03/0 : 0[6] -> 1[7] via P2P/CUMEM
yanqizhang-spa-dev-px9wr-master-0:175869:175869 [1] NCCL INFO Channel 04/0 : 1[7] -> 0[6] via P2P/CUMEM
yanqizhang-spa-dev-px9wr-master-0:175901:175901 [0] NCCL INFO Channel 04/0 : 0[6] -> 1[7] via P2P/CUMEM
yanqizhang-spa-dev-px9wr-master-0:175869:175869 [1] NCCL INFO Channel 05/0 : 1[7] -> 0[6] via P2P/CUMEM
yanqizhang-spa-dev-px9wr-master-0:175901:175901 [0] NCCL INFO Channel 05/0 : 0[6] -> 1[7] via P2P/CUMEM
yanqizhang-spa-dev-px9wr-master-0:175869:175869 [1] NCCL INFO Channel 06/0 : 1[7] -> 0[6] via P2P/CUMEM
yanqizhang-spa-dev-px9wr-master-0:175901:175901 [0] NCCL INFO Channel 06/0 : 0[6] -> 1[7] via P2P/CUMEM
yanqizhang-spa-dev-px9wr-master-0:175869:175869 [1] NCCL INFO Channel 07/0 : 1[7] -> 0[6] via P2P/CUMEM
yanqizhang-spa-dev-px9wr-master-0:175901:175901 [0] NCCL INFO Channel 07/0 : 0[6] -> 1[7] via P2P/CUMEM
yanqizhang-spa-dev-px9wr-master-0:175869:175869 [1] NCCL INFO Channel 08/0 : 1[7] -> 0[6] via P2P/CUMEM
yanqizhang-spa-dev-px9wr-master-0:175901:175901 [0] NCCL INFO Channel 08/0 : 0[6] -> 1[7] via P2P/CUMEM
yanqizhang-spa-dev-px9wr-master-0:175869:175869 [1] NCCL INFO Channel 09/0 : 1[7] -> 0[6] via P2P/CUMEM
yanqizhang-spa-dev-px9wr-master-0:175901:175901 [0] NCCL INFO Channel 09/0 : 0[6] -> 1[7] via P2P/CUMEM
yanqizhang-spa-dev-px9wr-master-0:175869:175869 [1] NCCL INFO Channel 10/0 : 1[7] -> 0[6] via P2P/CUMEM
yanqizhang-spa-dev-px9wr-master-0:175901:175901 [0] NCCL INFO Channel 10/0 : 0[6] -> 1[7] via P2P/CUMEM
yanqizhang-spa-dev-px9wr-master-0:175869:175869 [1] NCCL INFO Channel 11/0 : 1[7] -> 0[6] via P2P/CUMEM
yanqizhang-spa-dev-px9wr-master-0:175901:175901 [0] NCCL INFO Channel 11/0 : 0[6] -> 1[7] via P2P/CUMEM
yanqizhang-spa-dev-px9wr-master-0:175869:175869 [1] NCCL INFO Channel 12/0 : 1[7] -> 0[6] via P2P/CUMEM
yanqizhang-spa-dev-px9wr-master-0:175901:175901 [0] NCCL INFO Channel 12/0 : 0[6] -> 1[7] via P2P/CUMEM
yanqizhang-spa-dev-px9wr-master-0:175869:175869 [1] NCCL INFO Channel 13/0 : 1[7] -> 0[6] via P2P/CUMEM
yanqizhang-spa-dev-px9wr-master-0:175901:175901 [0] NCCL INFO Channel 13/0 : 0[6] -> 1[7] via P2P/CUMEM
yanqizhang-spa-dev-px9wr-master-0:175869:175869 [1] NCCL INFO Channel 14/0 : 1[7] -> 0[6] via P2P/CUMEM
yanqizhang-spa-dev-px9wr-master-0:175901:175901 [0] NCCL INFO Channel 14/0 : 0[6] -> 1[7] via P2P/CUMEM
yanqizhang-spa-dev-px9wr-master-0:175869:175869 [1] NCCL INFO Channel 15/0 : 1[7] -> 0[6] via P2P/CUMEM
yanqizhang-spa-dev-px9wr-master-0:175901:175901 [0] NCCL INFO Channel 15/0 : 0[6] -> 1[7] via P2P/CUMEM
yanqizhang-spa-dev-px9wr-master-0:175869:175869 [1] NCCL INFO Channel 16/0 : 1[7] -> 0[6] via P2P/CUMEM
yanqizhang-spa-dev-px9wr-master-0:175901:175901 [0] NCCL INFO Channel 16/0 : 0[6] -> 1[7] via P2P/CUMEM
yanqizhang-spa-dev-px9wr-master-0:175869:175869 [1] NCCL INFO Channel 17/0 : 1[7] -> 0[6] via P2P/CUMEM
yanqizhang-spa-dev-px9wr-master-0:175901:175901 [0] NCCL INFO Channel 17/0 : 0[6] -> 1[7] via P2P/CUMEM
yanqizhang-spa-dev-px9wr-master-0:175869:175869 [1] NCCL INFO Channel 18/0 : 1[7] -> 0[6] via P2P/CUMEM
yanqizhang-spa-dev-px9wr-master-0:175901:175901 [0] NCCL INFO Channel 18/0 : 0[6] -> 1[7] via P2P/CUMEM
yanqizhang-spa-dev-px9wr-master-0:175869:175869 [1] NCCL INFO Channel 19/0 : 1[7] -> 0[6] via P2P/CUMEM
yanqizhang-spa-dev-px9wr-master-0:175901:175901 [0] NCCL INFO Channel 19/0 : 0[6] -> 1[7] via P2P/CUMEM
yanqizhang-spa-dev-px9wr-master-0:175869:175869 [1] NCCL INFO Channel 20/0 : 1[7] -> 0[6] via P2P/CUMEM
yanqizhang-spa-dev-px9wr-master-0:175901:175901 [0] NCCL INFO Channel 20/0 : 0[6] -> 1[7] via P2P/CUMEM
yanqizhang-spa-dev-px9wr-master-0:175869:175869 [1] NCCL INFO Channel 21/0 : 1[7] -> 0[6] via P2P/CUMEM
yanqizhang-spa-dev-px9wr-master-0:175901:175901 [0] NCCL INFO Channel 21/0 : 0[6] -> 1[7] via P2P/CUMEM
yanqizhang-spa-dev-px9wr-master-0:175869:175869 [1] NCCL INFO Channel 22/0 : 1[7] -> 0[6] via P2P/CUMEM
yanqizhang-spa-dev-px9wr-master-0:175901:175901 [0] NCCL INFO Channel 22/0 : 0[6] -> 1[7] via P2P/CUMEM
yanqizhang-spa-dev-px9wr-master-0:175869:175869 [1] NCCL INFO Channel 23/0 : 1[7] -> 0[6] via P2P/CUMEM
yanqizhang-spa-dev-px9wr-master-0:175901:175901 [0] NCCL INFO Channel 23/0 : 0[6] -> 1[7] via P2P/CUMEM
yanqizhang-spa-dev-px9wr-master-0:175869:175869 [1] NCCL INFO Channel 24/0 : 1[7] -> 0[6] via P2P/CUMEM
yanqizhang-spa-dev-px9wr-master-0:175901:175901 [0] NCCL INFO Channel 24/0 : 0[6] -> 1[7] via P2P/CUMEM
yanqizhang-spa-dev-px9wr-master-0:175869:175869 [1] NCCL INFO Channel 25/0 : 1[7] -> 0[6] via P2P/CUMEM
yanqizhang-spa-dev-px9wr-master-0:175901:175901 [0] NCCL INFO Channel 25/0 : 0[6] -> 1[7] via P2P/CUMEM
yanqizhang-spa-dev-px9wr-master-0:175869:175869 [1] NCCL INFO Channel 26/0 : 1[7] -> 0[6] via P2P/CUMEM
yanqizhang-spa-dev-px9wr-master-0:175901:175901 [0] NCCL INFO Channel 26/0 : 0[6] -> 1[7] via P2P/CUMEM
yanqizhang-spa-dev-px9wr-master-0:175869:175869 [1] NCCL INFO Channel 27/0 : 1[7] -> 0[6] via P2P/CUMEM
yanqizhang-spa-dev-px9wr-master-0:175901:175901 [0] NCCL INFO Channel 27/0 : 0[6] -> 1[7] via P2P/CUMEM
yanqizhang-spa-dev-px9wr-master-0:175869:175869 [1] NCCL INFO Channel 28/0 : 1[7] -> 0[6] via P2P/CUMEM
yanqizhang-spa-dev-px9wr-master-0:175901:175901 [0] NCCL INFO Channel 28/0 : 0[6] -> 1[7] via P2P/CUMEM
yanqizhang-spa-dev-px9wr-master-0:175869:175869 [1] NCCL INFO Channel 29/0 : 1[7] -> 0[6] via P2P/CUMEM
yanqizhang-spa-dev-px9wr-master-0:175901:175901 [0] NCCL INFO Channel 29/0 : 0[6] -> 1[7] via P2P/CUMEM
yanqizhang-spa-dev-px9wr-master-0:175869:175869 [1] NCCL INFO Channel 30/0 : 1[7] -> 0[6] via P2P/CUMEM
yanqizhang-spa-dev-px9wr-master-0:175901:175901 [0] NCCL INFO Channel 30/0 : 0[6] -> 1[7] via P2P/CUMEM
yanqizhang-spa-dev-px9wr-master-0:175869:175869 [1] NCCL INFO Channel 31/0 : 1[7] -> 0[6] via P2P/CUMEM
yanqizhang-spa-dev-px9wr-master-0:175901:175901 [0] NCCL INFO Channel 31/0 : 0[6] -> 1[7] via P2P/CUMEM
yanqizhang-spa-dev-px9wr-master-0:175869:175869 [1] NCCL INFO Connected all rings, use ring PXN 0 GDR 1
yanqizhang-spa-dev-px9wr-master-0:175901:175901 [0] NCCL INFO Connected all rings, use ring PXN 0 GDR 1
yanqizhang-spa-dev-px9wr-master-0:175869:175869 [1] NCCL INFO Initialized NET plugin IB
yanqizhang-spa-dev-px9wr-master-0:175869:175869 [1] NCCL INFO Assigned NET plugin IB to comm
yanqizhang-spa-dev-px9wr-master-0:175901:175901 [0] NCCL INFO Initialized NET plugin IB
yanqizhang-spa-dev-px9wr-master-0:175901:175901 [0] NCCL INFO Assigned NET plugin IB to comm
yanqizhang-spa-dev-px9wr-master-0:175869:175869 [1] NCCL INFO Assigned GIN plugin GIN_IB_GDAKI to comm
yanqizhang-spa-dev-px9wr-master-0:175869:175869 [1] NCCL INFO Using network IB
yanqizhang-spa-dev-px9wr-master-0:175901:175901 [0] NCCL INFO Assigned GIN plugin GIN_IB_GDAKI to comm
yanqizhang-spa-dev-px9wr-master-0:175901:175901 [0] NCCL INFO Using network IB
yanqizhang-spa-dev-px9wr-master-0:175869:175869 [1] NCCL INFO DMA-BUF is available on GPU device 1
yanqizhang-spa-dev-px9wr-master-0:175901:175901 [0] NCCL INFO DMA-BUF is available on GPU device 0
yanqizhang-spa-dev-px9wr-master-0:175869:175869 [1] NCCL INFO ncclCommInitRank comm 0x5a8e1a039a60 rank 1 nranks 2 cudaDev 1 nvmlDev 7 busId dc000 commId 0x67b4de3f0359b62d - Init START
yanqizhang-spa-dev-px9wr-master-0:175901:175901 [0] NCCL INFO ncclCommInitRank comm 0x5996ca44ba30 rank 0 nranks 2 cudaDev 0 nvmlDev 6 busId ca000 commId 0x67b4de3f0359b62d - Init START
yanqizhang-spa-dev-px9wr-master-0:175901:175901 [0] NCCL INFO Bootstrap timings total 0.000315 (create 0.000020, send 0.000090, recv 0.000098, ring 0.000016, delay 0.000000)
yanqizhang-spa-dev-px9wr-master-0:175869:175869 [1] NCCL INFO Bootstrap timings total 0.001218 (create 0.000020, send 0.000070, recv 0.000980, ring 0.000018, delay 0.000000)
yanqizhang-spa-dev-px9wr-master-0:175901:175901 [0] NCCL INFO MNNVL busId 0xca000 fabric UUID 0.0 cliqueId 0x0 state 3 healthMask 0x80
yanqizhang-spa-dev-px9wr-master-0:175869:175869 [1] NCCL INFO MNNVL busId 0xdc000 fabric UUID 0.0 cliqueId 0x0 state 3 healthMask 0x80
yanqizhang-spa-dev-px9wr-master-0:175869:175869 [1] NCCL INFO ncclTopoGetCpuAffinity: Affinity for GPU 7 is 84-111. (GPU affinity = 84-111 ; CPU affinity = 0-111).
yanqizhang-spa-dev-px9wr-master-0:175869:175869 [1] NCCL INFO NVLS multicast support is available on dev 1 (NVLS_NCHANNELS 24)
yanqizhang-spa-dev-px9wr-master-0:175901:175901 [0] NCCL INFO ncclTopoGetCpuAffinity: Affinity for GPU 6 is 84-111. (GPU affinity = 84-111 ; CPU affinity = 0-111).
yanqizhang-spa-dev-px9wr-master-0:175901:175901 [0] NCCL INFO NVLS multicast support is available on dev 0 (NVLS_NCHANNELS 24)
yanqizhang-spa-dev-px9wr-master-0:175901:175901 [0] NCCL INFO comm 0x5996ca44ba30 rank 0 nRanks 2 nNodes 1 localRanks 2 localRank 0 MNNVL 0
yanqizhang-spa-dev-px9wr-master-0:175869:175869 [1] NCCL INFO comm 0x5a8e1a039a60 rank 1 nRanks 2 nNodes 1 localRanks 2 localRank 1 MNNVL 0
yanqizhang-spa-dev-px9wr-master-0:175901:175901 [0] NCCL INFO Channel 00/32 : 0 1
yanqizhang-spa-dev-px9wr-master-0:175901:175901 [0] NCCL INFO Channel 01/32 : 0 1
yanqizhang-spa-dev-px9wr-master-0:175869:175869 [1] NCCL INFO Trees [0] -1/-1/-1->1->0 [1] -1/-1/-1->1->0 [2] -1/-1/-1->1->0 [3] -1/-1/-1->1->0 [4] -1/-1/-1->1->0 [5] -1/-1/-1->1->0 [6] -1/-1/-1->1->0 [7] -1/-1/-1->1->0 [8] 0/-1/-1->1->-1 [9] 0/-1/-1->1->-1 [10] 0/-1/-1->1->-1 [11] 0/-1/-1->1->-1 [12] 0/-1/-1->1->-1 [13] 0/-1/-1->1->-1 [14] 0/-1/-1->1->-1 [15] 0/-1/-1->1->-1 [16] -1/-1/-1->1->0 [17] -1/-1/-1->1->0 [18] -1/-1/-1->1->0 [19] -1/-1/-1->1->0 [20] -1/-1/-1->1->0 [21] -1/-1/-1->1->0 [22] -1/-1/-1->1->0 [23] -1/-1/-1->1->0 [24] 0/-1/-1->1->-1 [25] 0/-1/-1->1->-1 [26] 0/-1/-1->1->-1 [27] 0/-1/-1->1->-1 [28] 0/-1/-1->1->-1 [29] 0/-1/-1->1->-1 [30] 0/-1/-1->1->-1 [31] 0/-1/-1->1->-1
yanqizhang-spa-dev-px9wr-master-0:175869:175869 [1] NCCL INFO P2P Chunksize set to 524288
yanqizhang-spa-dev-px9wr-master-0:175901:175901 [0] NCCL INFO Channel 02/32 : 0 1
yanqizhang-spa-dev-px9wr-master-0:175901:175901 [0] NCCL INFO Channel 03/32 : 0 1
yanqizhang-spa-dev-px9wr-master-0:175869:175869 [1] NCCL INFO Check P2P Type isAllDirectP2p 1 directMode 0 isAllCudaP2p 1
yanqizhang-spa-dev-px9wr-master-0:175901:175901 [0] NCCL INFO Channel 04/32 : 0 1
yanqizhang-spa-dev-px9wr-master-0:175901:175901 [0] NCCL INFO Channel 05/32 : 0 1
yanqizhang-spa-dev-px9wr-master-0:175869:176329 [0] NCCL INFO [Proxy Service] Device 1 CPU core 106
yanqizhang-spa-dev-px9wr-master-0:175901:175901 [0] NCCL INFO Channel 06/32 : 0 1
yanqizhang-spa-dev-px9wr-master-0:175901:175901 [0] NCCL INFO Channel 07/32 : 0 1
yanqizhang-spa-dev-px9wr-master-0:175869:176330 [0] NCCL INFO [Proxy Service UDS] Device 1 CPU core 107
yanqizhang-spa-dev-px9wr-master-0:175901:175901 [0] NCCL INFO Channel 08/32 : 0 1
yanqizhang-spa-dev-px9wr-master-0:175901:175901 [0] NCCL INFO Channel 09/32 : 0 1
yanqizhang-spa-dev-px9wr-master-0:175901:175901 [0] NCCL INFO Channel 10/32 : 0 1
yanqizhang-spa-dev-px9wr-master-0:175901:175901 [0] NCCL INFO Channel 11/32 : 0 1
yanqizhang-spa-dev-px9wr-master-0:175901:175901 [0] NCCL INFO Channel 12/32 : 0 1
yanqizhang-spa-dev-px9wr-master-0:175901:175901 [0] NCCL INFO Channel 13/32 : 0 1
yanqizhang-spa-dev-px9wr-master-0:175901:175901 [0] NCCL INFO Channel 14/32 : 0 1
yanqizhang-spa-dev-px9wr-master-0:175901:175901 [0] NCCL INFO Channel 15/32 : 0 1
yanqizhang-spa-dev-px9wr-master-0:175901:175901 [0] NCCL INFO Channel 16/32 : 0 1
yanqizhang-spa-dev-px9wr-master-0:175901:175901 [0] NCCL INFO Channel 17/32 : 0 1
yanqizhang-spa-dev-px9wr-master-0:175901:175901 [0] NCCL INFO Channel 18/32 : 0 1
yanqizhang-spa-dev-px9wr-master-0:175901:175901 [0] NCCL INFO Channel 19/32 : 0 1
yanqizhang-spa-dev-px9wr-master-0:175901:175901 [0] NCCL INFO Channel 20/32 : 0 1
yanqizhang-spa-dev-px9wr-master-0:175901:175901 [0] NCCL INFO Channel 21/32 : 0 1
yanqizhang-spa-dev-px9wr-master-0:175901:175901 [0] NCCL INFO Channel 22/32 : 0 1
yanqizhang-spa-dev-px9wr-master-0:175901:175901 [0] NCCL INFO Channel 23/32 : 0 1
yanqizhang-spa-dev-px9wr-master-0:175901:175901 [0] NCCL INFO Channel 24/32 : 0 1
yanqizhang-spa-dev-px9wr-master-0:175901:175901 [0] NCCL INFO Channel 25/32 : 0 1
yanqizhang-spa-dev-px9wr-master-0:175901:175901 [0] NCCL INFO Channel 26/32 : 0 1
yanqizhang-spa-dev-px9wr-master-0:175901:175901 [0] NCCL INFO Channel 27/32 : 0 1
yanqizhang-spa-dev-px9wr-master-0:175901:175901 [0] NCCL INFO Channel 28/32 : 0 1
yanqizhang-spa-dev-px9wr-master-0:175901:175901 [0] NCCL INFO Channel 29/32 : 0 1
yanqizhang-spa-dev-px9wr-master-0:175901:175901 [0] NCCL INFO Channel 30/32 : 0 1
yanqizhang-spa-dev-px9wr-master-0:175901:175901 [0] NCCL INFO Channel 31/32 : 0 1
yanqizhang-spa-dev-px9wr-master-0:175901:175901 [0] NCCL INFO Trees [0] 1/-1/-1->0->-1 [1] 1/-1/-1->0->-1 [2] 1/-1/-1->0->-1 [3] 1/-1/-1->0->-1 [4] 1/-1/-1->0->-1 [5] 1/-1/-1->0->-1 [6] 1/-1/-1->0->-1 [7] 1/-1/-1->0->-1 [8] -1/-1/-1->0->1 [9] -1/-1/-1->0->1 [10] -1/-1/-1->0->1 [11] -1/-1/-1->0->1 [12] -1/-1/-1->0->1 [13] -1/-1/-1->0->1 [14] -1/-1/-1->0->1 [15] -1/-1/-1->0->1 [16] 1/-1/-1->0->-1 [17] 1/-1/-1->0->-1 [18] 1/-1/-1->0->-1 [19] 1/-1/-1->0->-1 [20] 1/-1/-1->0->-1 [21] 1/-1/-1->0->-1 [22] 1/-1/-1->0->-1 [23] 1/-1/-1->0->-1 [24] -1/-1/-1->0->1 [25] -1/-1/-1->0->1 [26] -1/-1/-1->0->1 [27] -1/-1/-1->0->1 [28] -1/-1/-1->0->1 [29] -1/-1/-1->0->1 [30] -1/-1/-1->0->1 [31] -1/-1/-1->0->1
yanqizhang-spa-dev-px9wr-master-0:175901:175901 [0] NCCL INFO P2P Chunksize set to 524288
yanqizhang-spa-dev-px9wr-master-0:175901:175901 [0] NCCL INFO Check P2P Type isAllDirectP2p 1 directMode 0 isAllCudaP2p 1
yanqizhang-spa-dev-px9wr-master-0:175901:176331 [0] NCCL INFO [Proxy Service] Device 0 CPU core 85
yanqizhang-spa-dev-px9wr-master-0:175901:176332 [0] NCCL INFO [Proxy Service UDS] Device 0 CPU core 89
yanqizhang-spa-dev-px9wr-master-0:175901:175901 [0] NCCL INFO threadThresholds 8/8/64 | 16/8/64 | 512 | 512
yanqizhang-spa-dev-px9wr-master-0:175901:175901 [0] NCCL INFO 32 coll channels, 32 collnet channels, 24 nvls channels, 32 p2p channels, 32 p2p channels per peer
yanqizhang-spa-dev-px9wr-master-0:175869:175869 [1] NCCL INFO threadThresholds 8/8/64 | 16/8/64 | 512 | 512
yanqizhang-spa-dev-px9wr-master-0:175901:175901 [0] NCCL INFO CC Off, workFifoBytes 1048576
yanqizhang-spa-dev-px9wr-master-0:175869:175869 [1] NCCL INFO 32 coll channels, 32 collnet channels, 24 nvls channels, 32 p2p channels, 32 p2p channels per peer
yanqizhang-spa-dev-px9wr-master-0:175901:175901 [0] NCCL INFO ncclCommInitRank comm 0x5996ca44ba30 rank 0 nranks 2 cudaDev 0 nvmlDev 6 busId ca000 commId 0x67b4de3f0359b62d - Init COMPLETE
yanqizhang-spa-dev-px9wr-master-0:175901:175901 [0] NCCL INFO Init timings - ncclCommInitRank: rank 0 nranks 2 total 0.43 (kernels 0.00, alloc 0.01, bootstrap 0.00, allgathers 0.04, topo 0.23, graphs 0.01, connections 0.13, rest 0.01)
yanqizhang-spa-dev-px9wr-master-0:175869:175869 [1] NCCL INFO ncclCommInitRank comm 0x5a8e1a039a60 rank 1 nranks 2 cudaDev 1 nvmlDev 7 busId dc000 commId 0x67b4de3f0359b62d - Init COMPLETE
yanqizhang-spa-dev-px9wr-master-0:175869:175869 [1] NCCL INFO Init timings - ncclCommInitRank: rank 1 nranks 2 total 0.43 (kernels 0.00, alloc 0.01, bootstrap 0.00, allgathers 0.01, topo 0.23, graphs 0.01, connections 0.16, rest 0.01)
yanqizhang-spa-dev-px9wr-master-0:175869:175869 [1] NCCL INFO Channel 00/0 : 1[7] -> 0[6] via P2P/CUMEM
yanqizhang-spa-dev-px9wr-master-0:175901:175901 [0] NCCL INFO Channel 00/0 : 0[6] -> 1[7] via P2P/CUMEM
yanqizhang-spa-dev-px9wr-master-0:175869:175869 [1] NCCL INFO Channel 01/0 : 1[7] -> 0[6] via P2P/CUMEM
yanqizhang-spa-dev-px9wr-master-0:175901:175901 [0] NCCL INFO Channel 01/0 : 0[6] -> 1[7] via P2P/CUMEM
yanqizhang-spa-dev-px9wr-master-0:175869:175869 [1] NCCL INFO Channel 02/0 : 1[7] -> 0[6] via P2P/CUMEM
yanqizhang-spa-dev-px9wr-master-0:175901:175901 [0] NCCL INFO Channel 02/0 : 0[6] -> 1[7] via P2P/CUMEM
yanqizhang-spa-dev-px9wr-master-0:175869:175869 [1] NCCL INFO Channel 03/0 : 1[7] -> 0[6] via P2P/CUMEM
yanqizhang-spa-dev-px9wr-master-0:175901:175901 [0] NCCL INFO Channel 03/0 : 0[6] -> 1[7] via P2P/CUMEM
yanqizhang-spa-dev-px9wr-master-0:175869:175869 [1] NCCL INFO Channel 04/0 : 1[7] -> 0[6] via P2P/CUMEM
yanqizhang-spa-dev-px9wr-master-0:175901:175901 [0] NCCL INFO Channel 04/0 : 0[6] -> 1[7] via P2P/CUMEM
yanqizhang-spa-dev-px9wr-master-0:175869:175869 [1] NCCL INFO Channel 05/0 : 1[7] -> 0[6] via P2P/CUMEM
yanqizhang-spa-dev-px9wr-master-0:175901:175901 [0] NCCL INFO Channel 05/0 : 0[6] -> 1[7] via P2P/CUMEM
yanqizhang-spa-dev-px9wr-master-0:175869:175869 [1] NCCL INFO Channel 06/0 : 1[7] -> 0[6] via P2P/CUMEM
yanqizhang-spa-dev-px9wr-master-0:175901:175901 [0] NCCL INFO Channel 06/0 : 0[6] -> 1[7] via P2P/CUMEM
yanqizhang-spa-dev-px9wr-master-0:175869:175869 [1] NCCL INFO Channel 07/0 : 1[7] -> 0[6] via P2P/CUMEM
yanqizhang-spa-dev-px9wr-master-0:175901:175901 [0] NCCL INFO Channel 07/0 : 0[6] -> 1[7] via P2P/CUMEM
yanqizhang-spa-dev-px9wr-master-0:175869:175869 [1] NCCL INFO Channel 08/0 : 1[7] -> 0[6] via P2P/CUMEM
yanqizhang-spa-dev-px9wr-master-0:175901:175901 [0] NCCL INFO Channel 08/0 : 0[6] -> 1[7] via P2P/CUMEM
yanqizhang-spa-dev-px9wr-master-0:175869:175869 [1] NCCL INFO Channel 09/0 : 1[7] -> 0[6] via P2P/CUMEM
yanqizhang-spa-dev-px9wr-master-0:175901:175901 [0] NCCL INFO Channel 09/0 : 0[6] -> 1[7] via P2P/CUMEM
yanqizhang-spa-dev-px9wr-master-0:175869:175869 [1] NCCL INFO Channel 10/0 : 1[7] -> 0[6] via P2P/CUMEM
yanqizhang-spa-dev-px9wr-master-0:175901:175901 [0] NCCL INFO Channel 10/0 : 0[6] -> 1[7] via P2P/CUMEM
yanqizhang-spa-dev-px9wr-master-0:175869:175869 [1] NCCL INFO Channel 11/0 : 1[7] -> 0[6] via P2P/CUMEM
yanqizhang-spa-dev-px9wr-master-0:175901:175901 [0] NCCL INFO Channel 11/0 : 0[6] -> 1[7] via P2P/CUMEM
yanqizhang-spa-dev-px9wr-master-0:175869:175869 [1] NCCL INFO Channel 12/0 : 1[7] -> 0[6] via P2P/CUMEM
yanqizhang-spa-dev-px9wr-master-0:175901:175901 [0] NCCL INFO Channel 12/0 : 0[6] -> 1[7] via P2P/CUMEM
yanqizhang-spa-dev-px9wr-master-0:175869:175869 [1] NCCL INFO Channel 13/0 : 1[7] -> 0[6] via P2P/CUMEM
yanqizhang-spa-dev-px9wr-master-0:175901:175901 [0] NCCL INFO Channel 13/0 : 0[6] -> 1[7] via P2P/CUMEM
yanqizhang-spa-dev-px9wr-master-0:175869:175869 [1] NCCL INFO Channel 14/0 : 1[7] -> 0[6] via P2P/CUMEM
yanqizhang-spa-dev-px9wr-master-0:175901:175901 [0] NCCL INFO Channel 14/0 : 0[6] -> 1[7] via P2P/CUMEM
yanqizhang-spa-dev-px9wr-master-0:175869:175869 [1] NCCL INFO Channel 15/0 : 1[7] -> 0[6] via P2P/CUMEM
yanqizhang-spa-dev-px9wr-master-0:175901:175901 [0] NCCL INFO Channel 15/0 : 0[6] -> 1[7] via P2P/CUMEM
yanqizhang-spa-dev-px9wr-master-0:175869:175869 [1] NCCL INFO Channel 16/0 : 1[7] -> 0[6] via P2P/CUMEM
yanqizhang-spa-dev-px9wr-master-0:175901:175901 [0] NCCL INFO Channel 16/0 : 0[6] -> 1[7] via P2P/CUMEM
yanqizhang-spa-dev-px9wr-master-0:175869:175869 [1] NCCL INFO Channel 17/0 : 1[7] -> 0[6] via P2P/CUMEM
yanqizhang-spa-dev-px9wr-master-0:175901:175901 [0] NCCL INFO Channel 17/0 : 0[6] -> 1[7] via P2P/CUMEM
yanqizhang-spa-dev-px9wr-master-0:175869:175869 [1] NCCL INFO Channel 18/0 : 1[7] -> 0[6] via P2P/CUMEM
yanqizhang-spa-dev-px9wr-master-0:175901:175901 [0] NCCL INFO Channel 18/0 : 0[6] -> 1[7] via P2P/CUMEM
yanqizhang-spa-dev-px9wr-master-0:175869:175869 [1] NCCL INFO Channel 19/0 : 1[7] -> 0[6] via P2P/CUMEM
yanqizhang-spa-dev-px9wr-master-0:175901:175901 [0] NCCL INFO Channel 19/0 : 0[6] -> 1[7] via P2P/CUMEM
yanqizhang-spa-dev-px9wr-master-0:175869:175869 [1] NCCL INFO Channel 20/0 : 1[7] -> 0[6] via P2P/CUMEM
yanqizhang-spa-dev-px9wr-master-0:175901:175901 [0] NCCL INFO Channel 20/0 : 0[6] -> 1[7] via P2P/CUMEM
yanqizhang-spa-dev-px9wr-master-0:175869:175869 [1] NCCL INFO Channel 21/0 : 1[7] -> 0[6] via P2P/CUMEM
yanqizhang-spa-dev-px9wr-master-0:175901:175901 [0] NCCL INFO Channel 21/0 : 0[6] -> 1[7] via P2P/CUMEM
yanqizhang-spa-dev-px9wr-master-0:175869:175869 [1] NCCL INFO Channel 22/0 : 1[7] -> 0[6] via P2P/CUMEM
yanqizhang-spa-dev-px9wr-master-0:175901:175901 [0] NCCL INFO Channel 22/0 : 0[6] -> 1[7] via P2P/CUMEM
yanqizhang-spa-dev-px9wr-master-0:175869:175869 [1] NCCL INFO Channel 23/0 : 1[7] -> 0[6] via P2P/CUMEM
yanqizhang-spa-dev-px9wr-master-0:175901:175901 [0] NCCL INFO Channel 23/0 : 0[6] -> 1[7] via P2P/CUMEM
yanqizhang-spa-dev-px9wr-master-0:175869:175869 [1] NCCL INFO Channel 24/0 : 1[7] -> 0[6] via P2P/CUMEM
yanqizhang-spa-dev-px9wr-master-0:175901:175901 [0] NCCL INFO Channel 24/0 : 0[6] -> 1[7] via P2P/CUMEM
yanqizhang-spa-dev-px9wr-master-0:175869:175869 [1] NCCL INFO Channel 25/0 : 1[7] -> 0[6] via P2P/CUMEM
yanqizhang-spa-dev-px9wr-master-0:175901:175901 [0] NCCL INFO Channel 25/0 : 0[6] -> 1[7] via P2P/CUMEM
yanqizhang-spa-dev-px9wr-master-0:175869:175869 [1] NCCL INFO Channel 26/0 : 1[7] -> 0[6] via P2P/CUMEM
yanqizhang-spa-dev-px9wr-master-0:175901:175901 [0] NCCL INFO Channel 26/0 : 0[6] -> 1[7] via P2P/CUMEM
yanqizhang-spa-dev-px9wr-master-0:175901:175901 [0] NCCL INFO Channel 27/0 : 0[6] -> 1[7] via P2P/CUMEM
yanqizhang-spa-dev-px9wr-master-0:175869:175869 [1] NCCL INFO Channel 27/0 : 1[7] -> 0[6] via P2P/CUMEM
yanqizhang-spa-dev-px9wr-master-0:175901:175901 [0] NCCL INFO Channel 28/0 : 0[6] -> 1[7] via P2P/CUMEM
yanqizhang-spa-dev-px9wr-master-0:175869:175869 [1] NCCL INFO Channel 28/0 : 1[7] -> 0[6] via P2P/CUMEM
yanqizhang-spa-dev-px9wr-master-0:175901:175901 [0] NCCL INFO Channel 29/0 : 0[6] -> 1[7] via P2P/CUMEM
yanqizhang-spa-dev-px9wr-master-0:175869:175869 [1] NCCL INFO Channel 29/0 : 1[7] -> 0[6] via P2P/CUMEM
yanqizhang-spa-dev-px9wr-master-0:175901:175901 [0] NCCL INFO Channel 30/0 : 0[6] -> 1[7] via P2P/CUMEM
yanqizhang-spa-dev-px9wr-master-0:175869:175869 [1] NCCL INFO Channel 30/0 : 1[7] -> 0[6] via P2P/CUMEM
yanqizhang-spa-dev-px9wr-master-0:175901:175901 [0] NCCL INFO Channel 31/0 : 0[6] -> 1[7] via P2P/CUMEM
yanqizhang-spa-dev-px9wr-master-0:175869:175869 [1] NCCL INFO Channel 31/0 : 1[7] -> 0[6] via P2P/CUMEM
yanqizhang-spa-dev-px9wr-master-0:175869:175869 [1] NCCL INFO Connected all rings, use ring PXN 0 GDR 1
yanqizhang-spa-dev-px9wr-master-0:175901:175901 [0] NCCL INFO Connected all rings, use ring PXN 0 GDR 1
(Worker pid=175901) INFO 05-29 09:36:37 [cuda_communicator.py:171] Using AgRsAll2AllManager all2all manager.
(Worker pid=175901) INFO 05-29 09:36:37 [parallel_state.py:1715] rank 0 in world size 2 is assigned as DP rank 0, PP rank 0, PCP rank 0, TP rank 0, EP rank 0, EPLB rank N/A
(Worker_DP0 pid=175901) INFO 05-29 09:36:38 [gpu_model_runner.py:4792] Starting to load model Qwen/Qwen3-30B-A3B-Instruct-2507...
(Worker_DP0 pid=175901) INFO 05-29 09:36:39 [cuda.py:308] Using AttentionBackendEnum.FLASHINFER backend.
(Worker_DP0 pid=175901) INFO 05-29 09:36:39 [selector.py:136] Using HND KV cache layout for FLASHINFER backend.
(Worker_DP0 pid=175901) INFO 05-29 09:36:39 [unquantized.py:213] Using TRITON Unquantized MoE backend out of potential backends: ['FlashInfer TRTLLM', 'TRITON', 'BATCHED_TRITON', 'FlashInfer CUTLASS'].
(Worker_DP0 pid=175901) Warning: You are sending unauthenticated requests to the HF Hub. Please set a HF_TOKEN to enable higher rate limits and faster downloads.
(Worker_DP1 pid=175869) INFO 05-29 09:36:39 [cuda.py:308] Using AttentionBackendEnum.FLASHINFER backend.
(Worker_DP1 pid=175869) INFO 05-29 09:36:39 [selector.py:136] Using HND KV cache layout for FLASHINFER backend.
(Worker_DP0 pid=175901) INFO 05-29 09:36:40 [weight_utils.py:904] Filesystem type for checkpoints: OVERLAY. Checkpoint size: 56.87 GiB. Available RAM: 2906.93 GiB.
(Worker_DP0 pid=175901) INFO 05-29 09:36:40 [weight_utils.py:927] Auto-prefetch is disabled because the filesystem (OVERLAY) is not a recognized network FS (NFS/Lustre). If you want to force prefetching, start vLLM with --safetensors-load-strategy=prefetch.
(Worker_DP0 pid=175901) Loading safetensors checkpoint shards:   0% Completed | 0/16 [00:00<?, ?it/s]
(Worker_DP0 pid=175901) Loading safetensors checkpoint shards:   6% Completed | 1/16 [00:00<00:07,  1.94it/s]
(Worker_DP0 pid=175901) Loading safetensors checkpoint shards:  12% Completed | 2/16 [00:01<00:07,  1.94it/s]
(Worker_DP0 pid=175901) Loading safetensors checkpoint shards:  19% Completed | 3/16 [00:01<00:06,  1.86it/s]
(Worker_DP0 pid=175901) Loading safetensors checkpoint shards:  25% Completed | 4/16 [00:02<00:06,  1.85it/s]
(Worker_DP0 pid=175901) Loading safetensors checkpoint shards:  31% Completed | 5/16 [00:02<00:05,  1.84it/s]
(Worker_DP0 pid=175901) Loading safetensors checkpoint shards:  38% Completed | 6/16 [00:03<00:05,  1.83it/s]
(Worker_DP0 pid=175901) Loading safetensors checkpoint shards:  44% Completed | 7/16 [00:03<00:04,  1.82it/s]
(Worker_DP0 pid=175901) Loading safetensors checkpoint shards:  50% Completed | 8/16 [00:04<00:04,  1.81it/s]
(Worker_DP0 pid=175901) Loading safetensors checkpoint shards:  56% Completed | 9/16 [00:04<00:03,  1.80it/s]
(Worker_DP0 pid=175901) Loading safetensors checkpoint shards:  62% Completed | 10/16 [00:05<00:03,  1.79it/s]
(Worker_DP0 pid=175901) Loading safetensors checkpoint shards:  69% Completed | 11/16 [00:06<00:02,  1.81it/s]
(Worker_DP0 pid=175901) Loading safetensors checkpoint shards:  75% Completed | 12/16 [00:06<00:02,  1.79it/s]
(Worker_DP0 pid=175901) Loading safetensors checkpoint shards:  81% Completed | 13/16 [00:07<00:01,  1.78it/s]
(Worker_DP0 pid=175901) Loading safetensors checkpoint shards:  88% Completed | 14/16 [00:07<00:01,  1.77it/s]
(Worker_DP0 pid=175901) Loading safetensors checkpoint shards:  94% Completed | 15/16 [00:08<00:00,  1.75it/s]
(Worker_DP0 pid=175901) Loading safetensors checkpoint shards: 100% Completed | 16/16 [00:08<00:00,  2.10it/s]
(Worker_DP0 pid=175901) Loading safetensors checkpoint shards: 100% Completed | 16/16 [00:08<00:00,  1.87it/s]
(Worker_DP0 pid=175901) 
(Worker_DP0 pid=175901) INFO 05-29 09:36:48 [default_loader.py:384] Loading weights took 8.60 seconds
(Worker_DP0 pid=175901) INFO 05-29 09:36:48 [all2all_utils.py:116] Detected DP deployment with no --enable-expert-parallel. Falling back to AllGather+ReduceScatter dispatch/combine.
(Worker_DP0 pid=175901) INFO 05-29 09:36:48 [unquantized.py:343] Using MoEPrepareAndFinalizeNaiveDPEPModular
(Worker_DP0 pid=175901) INFO 05-29 09:36:49 [gpu_model_runner.py:4894] Model loading took 29.93 GiB memory and 9.680963 seconds
(Worker_DP0 pid=175901) INFO 05-29 09:36:49 [dp_utils.py:28] Using CPU all reduce to synchronize DP padding between ranks.
(Worker_DP0 pid=175901) INFO 05-29 09:37:00 [backends.py:1069] Using cache directory: /root/.cache/vllm/torch_compile_cache/4e3fda168c/rank_0_0/backbone for vLLM's torch.compile
(Worker_DP0 pid=175901) INFO 05-29 09:37:00 [backends.py:1128] Dynamo bytecode transform time: 10.22 s
(Worker_DP0 pid=175901) INFO 05-29 09:37:06 [backends.py:376] Cache the graph of compile range (1, 2048) for later use
(Worker_DP0 pid=175901) INFO 05-29 09:37:10 [backends.py:391] Compiling a graph for compile range (1, 2048) takes 10.02 s
(Worker_DP0 pid=175901) INFO 05-29 09:37:40 [decorators.py:668] saved AOT compiled function to /root/.cache/vllm/torch_compile_cache/torch_aot_compile/48fc5ddd1e5aa6516bf3c6997086221c7fae71aa8f4ee109c61690088554b1d4/rank_0_0/model
(Worker_DP0 pid=175901) INFO 05-29 09:37:40 [monitor.py:53] torch.compile took 50.70 s in total
(Worker_DP0 pid=175901) WARNING 05-29 09:37:41 [fused_moe.py:1091] Using default MoE config. Performance might be sub-optimal! Config file not found at /data/zihan/projects/vllm-nvlink/vllm/model_executor/layers/fused_moe/configs/E=128,N=384,device_name=NVIDIA_B200.json
(Worker_DP0 pid=175901) INFO 05-29 09:37:42 [monitor.py:81] Initial profiling/warmup run took 1.51 s
(Worker_DP0 pid=175901) INFO 05-29 09:37:48 [utils.py:60] `_KV_CACHE_LAYOUT_OVERRIDE` variable detected. Setting KV cache layout to HND.
(Worker_DP0 pid=175901) INFO 05-29 09:37:48 [gpu_model_runner.py:5978] Profiling CUDA graph memory: PIECEWISE=51 (largest=512), FULL=51 (largest=512)
(Worker_DP1 pid=175869) INFO 05-29 09:37:49 [gpu_model_runner.py:5978] Profiling CUDA graph memory: PIECEWISE=51 (largest=512), FULL=51 (largest=512)
(EngineCore_DP0 pid=175635) INFO 05-29 09:37:50 [shm_broadcast.py:681] No available shared memory broadcast block found in 60 seconds. This typically happens when some processes are hanging or doing some time-consuming work (e.g. compilation, weight/kv cache quantization).
(Worker_DP1 pid=175869) INFO 05-29 09:37:50 [gpu_model_runner.py:6057] Estimated CUDA graph memory: 3.23 GiB total
(Worker_DP0 pid=175901) INFO 05-29 09:37:50 [gpu_model_runner.py:6057] Estimated CUDA graph memory: 3.23 GiB total
(EngineCore_DP1 pid=175636) INFO 05-29 09:37:51 [shm_broadcast.py:681] No available shared memory broadcast block found in 60 seconds. This typically happens when some processes are hanging or doing some time-consuming work (e.g. compilation, weight/kv cache quantization).
(Worker_DP1 pid=175869) INFO 05-29 09:37:51 [gpu_worker.py:455] CUDA graph memory profiling is enabled (default since v0.21.0). The current --gpu-memory-utilization=0.8500 is equivalent to --gpu-memory-utilization=0.8319 without CUDA graph memory profiling. To maintain the same effective KV cache size as before, increase --gpu-memory-utilization to 0.8681. To disable, set VLLM_MEMORY_PROFILER_ESTIMATE_CUDAGRAPHS=0.
(EngineCore_DP1 pid=175636) INFO 05-29 09:37:51 [kv_cache_utils.py:1711] GPU KV cache size: 1,266,064 tokens
(EngineCore_DP1 pid=175636) INFO 05-29 09:37:51 [kv_cache_utils.py:1716] Maximum concurrency for 262,144 tokens per request: 4.83x
(Worker_DP0 pid=175901) INFO 05-29 09:37:51 [gpu_worker.py:440] Available KV cache memory: 115.91 GiB
